Archive member included to satisfy reference by file (symbol)

/opt/devkitpro/libgba/lib/libmm.a(mm_mas.o)
                              bn_audio_manager.o (mmStart)
/opt/devkitpro/libgba/lib/libmm.a(mm_main.o)
                              /opt/devkitpro/libgba/lib/libmm.a(mm_mas.o) (mmCallback)
/opt/devkitpro/libgba/lib/libmm.a(mm_effect.o)
                              /opt/devkitpro/libgba/lib/libmm.a(mm_main.o) (mmResetEffects)
/opt/devkitpro/libgba/lib/libmm.a(mm_mas_arm.o)
                              /opt/devkitpro/libgba/lib/libmm.a(mm_mas.o) (mmAllocChannel)
/opt/devkitpro/libgba/lib/libmm.a(mm_mixer_gba.o)
                              bn_hw_audio.o (mmVBlank)
/opt/devkitpro/devkitARM/bin/../lib/gcc/arm-none-eabi/11.2.0/thumb/libgcc.a(_call_via_rX.o)
                              /opt/devkitpro/libgba/lib/libmm.a(mm_main.o) (_call_via_r1)
/opt/devkitpro/devkitARM/bin/../lib/gcc/arm-none-eabi/11.2.0/thumb/libgcc.a(_aeabi_ldivmod.o)
                              bn_hw_text.o (__aeabi_ldivmod)
/opt/devkitpro/devkitARM/bin/../lib/gcc/arm-none-eabi/11.2.0/thumb/libgcc.a(_aeabi_uldivmod.o)
                              bn_hw_text.o (__aeabi_uldivmod)
/opt/devkitpro/devkitARM/bin/../lib/gcc/arm-none-eabi/11.2.0/thumb/libgcc.a(_udivmoddi4.o)
                              /opt/devkitpro/devkitARM/bin/../lib/gcc/arm-none-eabi/11.2.0/thumb/libgcc.a(_aeabi_ldivmod.o) (__udivmoddi4)
/opt/devkitpro/devkitARM/bin/../lib/gcc/arm-none-eabi/11.2.0/../../../../arm-none-eabi/lib/thumb/libg.a(lib_a-init.o)
                              /opt/devkitpro/devkitARM/bin/../lib/gcc/arm-none-eabi/11.2.0/../../../../arm-none-eabi/lib/thumb/gba_crt0.o (__libc_init_array)
/opt/devkitpro/devkitARM/bin/../lib/gcc/arm-none-eabi/11.2.0/../../../../arm-none-eabi/lib/thumb/libg.a(lib_a-memcpy-stub.o)
                              bn_bgs_manager.o (memcpy)
/opt/devkitpro/devkitARM/bin/../lib/gcc/arm-none-eabi/11.2.0/../../../../arm-none-eabi/lib/thumb/libg.a(lib_a-memmove.o)
                              bn_best_fit_allocator.o (memmove)
/opt/devkitpro/devkitARM/bin/../lib/gcc/arm-none-eabi/11.2.0/../../../../arm-none-eabi/lib/thumb/libg.a(lib_a-memset.o)
                              bn_audio_manager.o (memset)
/opt/devkitpro/devkitARM/bin/../lib/gcc/arm-none-eabi/11.2.0/../../../../arm-none-eabi/lib/thumb/libsysbase.a(malloc_vars.o)
                              /opt/devkitpro/devkitARM/bin/../lib/gcc/arm-none-eabi/11.2.0/../../../../arm-none-eabi/lib/thumb/gba_crt0.o (fake_heap_end)

Discarded input sections

 .text          0x0000000000000000        0x0 /opt/devkitpro/devkitARM/bin/../lib/gcc/arm-none-eabi/11.2.0/../../../../arm-none-eabi/lib/thumb/gba_crt0.o
 .data          0x0000000000000000        0x0 /opt/devkitpro/devkitARM/bin/../lib/gcc/arm-none-eabi/11.2.0/../../../../arm-none-eabi/lib/thumb/gba_crt0.o
 .bss           0x0000000000000000        0x0 /opt/devkitpro/devkitARM/bin/../lib/gcc/arm-none-eabi/11.2.0/../../../../arm-none-eabi/lib/thumb/gba_crt0.o
 .text          0x0000000000000000        0x0 /opt/devkitpro/devkitARM/bin/../lib/gcc/arm-none-eabi/11.2.0/thumb/crti.o
 .data          0x0000000000000000        0x0 /opt/devkitpro/devkitARM/bin/../lib/gcc/arm-none-eabi/11.2.0/thumb/crti.o
 .bss           0x0000000000000000        0x0 /opt/devkitpro/devkitARM/bin/../lib/gcc/arm-none-eabi/11.2.0/thumb/crti.o
 .text          0x0000000000000000        0x0 /opt/devkitpro/devkitARM/bin/../lib/gcc/arm-none-eabi/11.2.0/thumb/crtbegin.o
 .data          0x0000000000000000        0x0 /opt/devkitpro/devkitARM/bin/../lib/gcc/arm-none-eabi/11.2.0/thumb/crtbegin.o
 .bss           0x0000000000000000        0x0 /opt/devkitpro/devkitARM/bin/../lib/gcc/arm-none-eabi/11.2.0/thumb/crtbegin.o
 .rodata.all_implied_fbits
                0x0000000000000000       0x24 /opt/devkitpro/devkitARM/bin/../lib/gcc/arm-none-eabi/11.2.0/thumb/crtbegin.o
 .data.__dso_handle
                0x0000000000000000        0x4 /opt/devkitpro/devkitARM/bin/../lib/gcc/arm-none-eabi/11.2.0/thumb/crtbegin.o
 .text          0x0000000000000000        0x0 _bn_audio_soundbank.bin.o
 .data          0x0000000000000000        0x0 _bn_audio_soundbank.bin.o
 .bss           0x0000000000000000        0x0 _bn_audio_soundbank.bin.o
 .text          0x0000000000000000        0x0 main.o
 .data          0x0000000000000000        0x0 main.o
 .bss           0x0000000000000000        0x0 main.o
 .group         0x0000000000000000        0xc bn_audio_manager.o
 .group         0x0000000000000000        0xc bn_audio_manager.o
 .group         0x0000000000000000        0xc bn_audio_manager.o
 .group         0x0000000000000000        0xc bn_audio_manager.o
 .group         0x0000000000000000        0xc bn_audio_manager.o
 .group         0x0000000000000000        0xc bn_audio_manager.o
 .group         0x0000000000000000        0xc bn_audio_manager.o
 .group         0x0000000000000000        0xc bn_audio_manager.o
 .group         0x0000000000000000        0xc bn_audio_manager.o
[...]
Memory Configuration

Name             Origin             Length             Attributes
rom              0x0000000008000000 0x0000000002000000
iwram            0x0000000003000000 0x0000000000008000
ewram            0x0000000002000000 0x0000000000040000
*default*        0x0000000000000000 0xffffffffffffffff

Linker script and memory map

                0x0000000008000000                __text_start = ORIGIN (rom)
                0x0000000002040000                __eheap_end = (ORIGIN (ewram) + LENGTH (ewram))
                0x0000000003000000                __iwram_start = ORIGIN (iwram)
                0x0000000003008000                __iwram_top = (ORIGIN (iwram) + LENGTH (iwram))
                0x0000000003007fa0                __sp_irq = (__iwram_top - 0x60)
                0x0000000003007f00                __sp_usr = (__sp_irq - 0xa0)
                0x0000000003007ff8                __irq_flags = 0x3007ff8
                0x0000000008000000                . = __text_start

.crt0           0x0000000008000000      0x210
 *(.crt0)
 .crt0          0x0000000008000000      0x210 /opt/devkitpro/devkitARM/bin/../lib/gcc/arm-none-eabi/11.2.0/../../../../arm-none-eabi/lib/thumb/gba_crt0.o
                0x0000000008000000                _start
                0x00000000080000c4                __boot_method
                0x00000000080000c5                __slave_number
                0x00000000080000e0                start_vector
                0x0000000008000210                . = ALIGN (0x4)

.init           0x0000000008000210        0xc
 *(SORT_NONE(.init))
 .init          0x0000000008000210        0x4 /opt/devkitpro/devkitARM/bin/../lib/gcc/arm-none-eabi/11.2.0/thumb/crti.o
                0x0000000008000210                _init
 .init          0x0000000008000214        0x8 /opt/devkitpro/devkitARM/bin/../lib/gcc/arm-none-eabi/11.2.0/thumb/crtn.o

.plt            0x000000000800021c        0x0
 *(.plt)
                0x000000000800021c                . = ALIGN (0x4)

.text           0x0000000008000220     0xd3f8
 *(EXCLUDE_FILE(*.iwram*) .text*)
 .text.__do_global_dtors_aux
                0x0000000008000220       0x2c /opt/devkitpro/devkitARM/bin/../lib/gcc/arm-none-eabi/11.2.0/thumb/crtbegin.o
 .text.frame_dummy
                0x000000000800024c       0x24 /opt/devkitpro/devkitARM/bin/../lib/gcc/arm-none-eabi/11.2.0/thumb/crtbegin.o
 .text.startup.main
                0x0000000008000270        0xc main.o
                0x0000000008000270                main
 .text._ZN2bn13audio_manager4initEPFvvES2_
                0x000000000800027c        0xc bn_audio_manager.o
                0x000000000800027c                bn::audio_manager::init(void (*)(), void (*)())
 .text._ZN2bn13audio_manager7disableEv
                0x0000000008000288        0xc bn_audio_manager.o
                0x0000000008000288                bn::audio_manager::disable()
 .text._ZN2bn13audio_manager22disable_vblank_handlerEv
                0x0000000008000294        0xc bn_audio_manager.o
                0x0000000008000294                bn::audio_manager::disable_vblank_handler()
 .text._ZN2bn13audio_manager6commitEv
                0x00000000080002a0        0xc bn_audio_manager.o
                0x00000000080002a0                bn::audio_manager::commit()
 .text._ZN3_bn6assert9show_argsIA15_ciEEvPKcS4_S4_iRKT_RKT0_
                0x00000000080002ac       0x58 bn_audio_manager.o
                0x00000000080002ac                void _bn::assert::show_args<char [15], int>(char const*, char const*, char const*, int, char const (&) [15], int const&)
 .text._ZN2bn13audio_manager6updateEv
                0x0000000008000304      0x120 bn_audio_manager.o
                0x0000000008000304                bn::audio_manager::update()
 .text._ZN3_bn6assert9show_argsIA33_cEEvPKcS4_S4_iRKT_
                0x0000000008000424       0x50 bn_audio_manager.o
                0x0000000008000424                void _bn::assert::show_args<char [33]>(char const*, char const*, char const*, int, char const (&) [33])
 .text._ZN3_bn6assert9show_argsIA25_cEEvPKcS4_S4_iRKT_
                0x0000000008000474       0x50 bn_audio_manager.o
                0x0000000008000474                void _bn::assert::show_args<char [25]>(char const*, char const*, char const*, int, char const (&) [25])
 .text._ZN3_bn6assert9show_argsIA15_cEEvPKcS4_S4_iRKT_
                0x00000000080004c4       0x50 bn_audio_manager.o
                0x00000000080004c4                void _bn::assert::show_args<char [15]>(char const*, char const*, char const*, int, char const (&) [15])
 .text._ZN2bn13audio_manager15stop_all_soundsEv
                0x0000000008000514       0x60 bn_audio_manager.o
                0x0000000008000514                bn::audio_manager::stop_all_sounds()
 .text._ZN2bn13audio_manager10stop_musicEv
                0x0000000008000574       0x8c bn_audio_manager.o
                0x0000000008000574                bn::audio_manager::stop_music()
 .text._ZN2bn13audio_manager4stopEv
                0x0000000008000600       0x24 bn_audio_manager.o
                0x0000000008000600                bn::audio_manager::stop()
 .text.startup._GLOBAL__sub_I__ZN2bn5audio16update_on_vblankEv
                0x0000000008000624       0x28 bn_audio_manager.o
 .text._ZN2bn19ibest_fit_allocatorC2ERNS_5ilistINS0_9item_typeEEERNS_7ivectorINS3_8iteratorEEE
                0x000000000800064c        0x8 bn_best_fit_allocator.o
                0x000000000800064c                bn::ibest_fit_allocator::ibest_fit_allocator(bn::ilist<bn::ibest_fit_allocator::item_type>&, bn::ivector<bn::ilist<bn::ibest_fit_allocator::item_type>::iterator>&)
                0x000000000800064c                bn::ibest_fit_allocator::ibest_fit_allocator(bn::ilist<bn::ibest_fit_allocator::item_type>&, bn::ivector<bn::ilist<bn::ibest_fit_allocator::item_type>::iterator>&)
 .text._ZN3_bn6assert9show_argsIA18_cEEvPKcS4_S4_iRKT_
                0x0000000008000654       0x50 bn_best_fit_allocator.o
                0x0000000008000654                void _bn::assert::show_args<char [18]>(char const*, char const*, char const*, int, char const (&) [18])
 .text._ZN2bn19ibest_fit_allocatorD2Ev
                0x00000000080006a4       0x44 bn_best_fit_allocator.o
                0x00000000080006a4                bn::ibest_fit_allocator::~ibest_fit_allocator()
                0x00000000080006a4                bn::ibest_fit_allocator::~ibest_fit_allocator()
 .text._ZN3_bn6assert9show_argsIA16_ciEEvPKcS4_S4_iRKT_RKT0_
                0x00000000080006e8       0x58 bn_best_fit_allocator.o
                0x00000000080006e8                void _bn::assert::show_args<char [16], int>(char const*, char const*, char const*, int, char const (&) [16], int const&)
 .text._ZN3_bn6assert9show_argsIA14_cEEvPKcS4_S4_iRKT_
                0x0000000008000740       0x50 bn_best_fit_allocator.o
                0x0000000008000740                void _bn::assert::show_args<char [14]>(char const*, char const*, char const*, int, char const (&) [14])
 .text._ZN3_bn6assert9show_argsIA19_cEEvPKcS4_S4_iRKT_
                0x0000000008000790       0x50 bn_best_fit_allocator.o
                0x0000000008000790                void _bn::assert::show_args<char [19]>(char const*, char const*, char const*, int, char const (&) [19])
 .text._ZN3_bn6assert9show_argsIA13_cEEvPKcS4_S4_iRKT_
                0x00000000080007e0       0x50 bn_best_fit_allocator.o
                0x00000000080007e0                void _bn::assert::show_args<char [13]>(char const*, char const*, char const*, int, char const (&) [13])
 .text._ZN3_bn6assert9show_argsIA16_cEEvPKcS4_S4_iRKT_
                0x0000000008000830       0x50 bn_best_fit_allocator.o
                0x0000000008000830                void _bn::assert::show_args<char [16]>(char const*, char const*, char const*, int, char const (&) [16])
 .text._ZN3_bn6assert9show_argsIA17_cEEvPKcS4_S4_iRKT_
                0x0000000008000880       0x50 bn_best_fit_allocator.o
                0x0000000008000880                void _bn::assert::show_args<char [17]>(char const*, char const*, char const*, int, char const (&) [17])
 .text._ZN2bn19ibest_fit_allocator5_initEPvi
                0x00000000080008d0      0x138 bn_best_fit_allocator.o
                0x00000000080008d0                bn::ibest_fit_allocator::_init(void*, int)
 .text._ZN2bn13ostringstream11append_argsIiJA4_ciEEEvRKT_DpRKT0_.isra.0
                0x0000000008000a08       0x24 bn_bg_blocks_manager.o
 .text._ZN2bn17bg_blocks_manager15decrease_usagesEi.part.0
                0x0000000008000a2c       0xc0 bn_bg_blocks_manager.o
 .text._ZNK2bn18regular_bg_map_ptr2idEv
                0x0000000008000aec       0x18 bn_bg_blocks_manager.o
                0x0000000008000aec                bn::regular_bg_map_ptr::id() const
 .text._ZNK2bn20regular_bg_tiles_ptr3cbbEv
                0x0000000008000b04       0x18 bn_bg_blocks_manager.o
                0x0000000008000b04                bn::regular_bg_tiles_ptr::cbb() const
 .text._ZNK2bn17affine_bg_map_ptr2idEv
                0x0000000008000b1c       0x18 bn_bg_blocks_manager.o
                0x0000000008000b1c                bn::affine_bg_map_ptr::id() const
 .text._ZNK2bn19affine_bg_tiles_ptr3cbbEv
                0x0000000008000b34       0x18 bn_bg_blocks_manager.o
                0x0000000008000b34                bn::affine_bg_tiles_ptr::cbb() const
 .text._ZN2bn17bg_blocks_manager11must_commitEi
                0x0000000008000b4c       0x18 bn_bg_blocks_manager.o
                0x0000000008000b4c                bn::bg_blocks_manager::must_commit(int)
 .text._ZN3_bn6assert9show_argsIA27_ciEEvPKcS4_S4_iRKT_RKT0_
                0x0000000008000b64       0x58 bn_bg_blocks_manager.o
                0x0000000008000b64                void _bn::assert::show_args<char [27], int>(char const*, char const*, char const*, int, char const (&) [27], int const&)
 .text._ZN2bn2hw9bg_blocks6commitEPKtNS_16compression_typeEiPt.part.0
                0x0000000008000bbc       0x38 bn_bg_blocks_manager.o
 .text._ZN2bn17bg_blocks_manager14map_dimensionsEi
                0x0000000008000bf4       0x18 bn_bg_blocks_manager.o
                0x0000000008000bf4                bn::bg_blocks_manager::map_dimensions(int)
 .text._ZNK2bn18regular_bg_map_ptr10dimensionsEv
                0x0000000008000c0c       0x18 bn_bg_blocks_manager.o
                0x0000000008000c0c                bn::regular_bg_map_ptr::dimensions() const
 .text._ZNK2bn17affine_bg_map_ptr10dimensionsEv
                0x0000000008000c24       0x18 bn_bg_blocks_manager.o
                0x0000000008000c24                bn::affine_bg_map_ptr::dimensions() const
 .text._ZN3_bn6assert9show_argsIA26_cEEvPKcS4_S4_iRKT_
                0x0000000008000c3c       0x50 bn_bg_blocks_manager.o
                0x0000000008000c3c                void _bn::assert::show_args<char [26]>(char const*, char const*, char const*, int, char const (&) [26])
 .text._ZN3_bn6assert9show_argsIJA16_ciA4_ciEEEvPKcS5_S5_iDpRKT_
                0x0000000008000c8c       0x5c bn_bg_blocks_manager.o
                0x0000000008000c8c                void _bn::assert::show_args<char [16], int, char [4], int>(char const*, char const*, char const*, int, char const (&) [16], int const&, char const (&) [4], int const&)
 .text._ZN3_bn6assert9show_argsIJA58_ciA4_ciEEEvPKcS5_S5_iDpRKT_
                0x0000000008000ce8       0x5c bn_bg_blocks_manager.o
                0x0000000008000ce8                void _bn::assert::show_args<char [58], int, char [4], int>(char const*, char const*, char const*, int, char const (&) [58], int const&, char const (&) [4], int const&)
 .text._ZN3_bn6assert9show_argsIA22_cEEvPKcS4_S4_iRKT_
                0x0000000008000d44       0x50 bn_bg_blocks_manager.o
                0x0000000008000d44                void _bn::assert::show_args<char [22]>(char const*, char const*, char const*, int, char const (&) [22])
 .text._ZNK2bn18regular_bg_map_ptr5tilesEv
                0x0000000008000d94       0x58 bn_bg_blocks_manager.o
                0x0000000008000d94                bn::regular_bg_map_ptr::tiles() const
 .text._ZNK2bn17affine_bg_map_ptr5tilesEv
                0x0000000008000dec       0x58 bn_bg_blocks_manager.o
                0x0000000008000dec                bn::affine_bg_map_ptr::tiles() const
 .text._ZNK2bn18regular_bg_map_ptr3bppEv
                0x0000000008000e44       0x5c bn_bg_blocks_manager.o
                0x0000000008000e44                bn::regular_bg_map_ptr::bpp() const
 .text._ZN2bn17bg_blocks_manager21update_affine_map_rowEiii
                0x0000000008000ea0      0x10c bn_bg_blocks_manager.o
                0x0000000008000ea0                bn::bg_blocks_manager::update_affine_map_row(int, int, int)
 .text._ZN2bn17bg_blocks_manager23set_affine_map_positionEiii
                0x0000000008000fac      0x1b4 bn_bg_blocks_manager.o
                0x0000000008000fac                bn::bg_blocks_manager::set_affine_map_position(int, int, int)
 .text._ZN2bn17bg_blocks_manager22update_regular_map_colEiii
                0x0000000008001160      0x180 bn_bg_blocks_manager.o
                0x0000000008001160                bn::bg_blocks_manager::update_regular_map_col(int, int, int)
 .text._ZN2bn17bg_blocks_manager21update_affine_map_colEiii
                0x00000000080012e0      0x248 bn_bg_blocks_manager.o
                0x00000000080012e0                bn::bg_blocks_manager::update_affine_map_col(int, int, int)
 .text._ZN2bn17bg_blocks_manager22update_regular_map_rowEiii
                0x0000000008001528      0x144 bn_bg_blocks_manager.o
                0x0000000008001528                bn::bg_blocks_manager::update_regular_map_row(int, int, int)
 .text._ZN2bn17bg_blocks_manager24set_regular_map_positionEiii
                0x000000000800166c      0x1e4 bn_bg_blocks_manager.o
                0x000000000800166c                bn::bg_blocks_manager::set_regular_map_position(int, int, int)
 .text._ZN2bn17bg_blocks_manager12_GLOBAL__N_112_commit_itemERKNS1_9item_typeE
                0x0000000008001850      0x2cc bn_bg_blocks_manager.o
 .text._ZN2bn17bg_blocks_manager6commitEv
                0x0000000008001b1c       0x40 bn_bg_blocks_manager.o
                0x0000000008001b1c                bn::bg_blocks_manager::commit()
 .text._ZN2bn17bg_blocks_manager12_GLOBAL__N_110items_list12insert_afterEiRKNS1_9item_typeE.constprop.0
                0x0000000008001b5c      0x2c0 bn_bg_blocks_manager.o
 .text._ZN2bn17bg_blocks_manager4initEv
                0x0000000008001e1c      0x174 bn_bg_blocks_manager.o
                0x0000000008001e1c                bn::bg_blocks_manager::init()
 .text._ZN3_bn6assert9show_argsIA25_ciEEvPKcS4_S4_iRKT_RKT0_
                0x0000000008001f90       0x58 bn_bg_blocks_manager.o
                0x0000000008001f90                void _bn::assert::show_args<char [25], int>(char const*, char const*, char const*, int, char const (&) [25], int const&)
 .text._ZN2bn14iunordered_mapIPKviNS_4hashIS2_EENS_8equal_toIS2_EEE5eraseERKNS7_14const_iteratorE.isra.0
                0x0000000008001fe8      0x1c0 bn_bg_blocks_manager.o
 .text._ZN2bn17bg_blocks_manager12_GLOBAL__N_121_remove_adjacent_itemEiRNS1_9item_typeE
                0x00000000080021a8       0xe0 bn_bg_blocks_manager.o
 .text._ZN2bn17bg_blocks_manager6updateEv
                0x0000000008002288      0x284 bn_bg_blocks_manager.o
                0x0000000008002288                bn::bg_blocks_manager::update()
 .text.startup._GLOBAL__sub_I__ZN2bn7bg_maps16used_cells_countEv
                0x000000000800250c       0x98 bn_bg_blocks_manager.o
 .text.exit._GLOBAL__sub_D__ZN2bn7bg_maps16used_cells_countEv
                0x00000000080025a4       0x80 bn_bg_blocks_manager.o
 .text._ZN2bn13ostringstream11append_argsIiJA4_ciEEEvRKT_DpRKT0_.isra.0
                0x0000000008002624       0x24 bn_bgs_manager.o
 .text._ZN2bn11bgs_manager12_GLOBAL__N_19item_type18update_affine_hw_yEv.part.0
                0x0000000008002648       0x94 bn_bgs_manager.o
 .text._ZN2bn11bgs_manager12_GLOBAL__N_19item_type18update_affine_hw_xEv.part.0
                0x00000000080026dc       0x94 bn_bgs_manager.o
 .text._ZN2bn11bgs_manager5hw_idEPv
                0x0000000008002770       0x24 bn_bgs_manager.o
                0x0000000008002770                bn::bgs_manager::hw_id(void*)
 .text._ZN2bn11bgs_manager11hw_positionEPv
                0x0000000008002794        0x4 bn_bgs_manager.o
                0x0000000008002794                bn::bgs_manager::hw_position(void*)
 .text._ZN2bn11bgs_manager14mat_attributesEPv
                0x0000000008002798        0x4 bn_bgs_manager.o
                0x0000000008002798                bn::bgs_manager::mat_attributes(void*)
 .text._ZN2bn11bgs_manager20update_windows_flagsEPj
                0x000000000800279c       0x7c bn_bgs_manager.o
                0x000000000800279c                bn::bgs_manager::update_windows_flags(unsigned int*)
 .text._ZN2bn11bgs_manager36fill_hblank_effect_regular_positionsEiPKNS_7fixed_tILi12EEEPt
                0x0000000008002818       0x38 bn_bgs_manager.o
                0x0000000008002818                bn::bgs_manager::fill_hblank_effect_regular_positions(int, bn::fixed_t<12> const*, unsigned short*)
 .text._ZN2bn11bgs_manager45fill_hblank_effect_pivot_horizontal_positionsEPvPKNS_7fixed_tILi12EEEPj
                0x0000000008002850       0x24 bn_bgs_manager.o
                0x0000000008002850                bn::bgs_manager::fill_hblank_effect_pivot_horizontal_positions(void*, bn::fixed_t<12> const*, unsigned int*)
 .text._ZN2bn11bgs_manager43fill_hblank_effect_pivot_vertical_positionsEPvPKNS_7fixed_tILi12EEEPj
                0x0000000008002874       0x24 bn_bgs_manager.o
                0x0000000008002874                bn::bgs_manager::fill_hblank_effect_pivot_vertical_positions(void*, bn::fixed_t<12> const*, unsigned int*)
 .text._ZN2bn11bgs_manager6commitEv
                0x0000000008002898       0xf8 bn_bgs_manager.o
                0x0000000008002898                bn::bgs_manager::commit()
 .text._ZN2bn11bgs_manager4stopEv
                0x0000000008002990       0x28 bn_bgs_manager.o
                0x0000000008002990                bn::bgs_manager::stop()
 .text._ZN3_bn6assert9show_argsIA18_ciEEvPKcS4_S4_iRKT_RKT0_
                0x00000000080029b8       0x58 bn_bgs_manager.o
                0x00000000080029b8                void _bn::assert::show_args<char [18], int>(char const*, char const*, char const*, int, char const (&) [18], int const&)
 .text._ZN3_bn6assert9show_argsIA30_cEEvPKcS4_S4_iRKT_
                0x0000000008002a10       0x50 bn_bgs_manager.o
                0x0000000008002a10                void _bn::assert::show_args<char [30]>(char const*, char const*, char const*, int, char const (&) [30])
 .text._ZN3_bn6assert9show_argsIJA60_ciA4_ciEEEvPKcS5_S5_iDpRKT_
                0x0000000008002a60       0x5c bn_bgs_manager.o
                0x0000000008002a60                void _bn::assert::show_args<char [60], int, char [4], int>(char const*, char const*, char const*, int, char const (&) [60], int const&, char const (&) [4], int const&)
 .text._ZN2bn11bgs_manager14update_camerasEv
                0x0000000008002abc      0x2a0 bn_bgs_manager.o
                0x0000000008002abc                bn::bgs_manager::update_cameras()
 .text._ZN2bn11bgs_manager15commit_big_mapsEv
                0x0000000008002d5c      0x1ec bn_bgs_manager.o
                0x0000000008002d5c                bn::bgs_manager::commit_big_maps()
 .text._ZN2bn11bgs_manager10affine_mapEPv
                0x0000000008002f48       0x44 bn_bgs_manager.o
                0x0000000008002f48                bn::bgs_manager::affine_map(void*)
 .text._ZN2bn11bgs_manager11regular_mapEPv
                0x0000000008002f8c       0x44 bn_bgs_manager.o
                0x0000000008002f8c                bn::bgs_manager::regular_map(void*)
 .text._ZN3_bn6assert9show_argsIA24_cEEvPKcS4_S4_iRKT_
                0x0000000008002fd0       0x50 bn_bgs_manager.o
                0x0000000008002fd0                void _bn::assert::show_args<char [24]>(char const*, char const*, char const*, int, char const (&) [24])
 .text._ZN2bn11bgs_manager37fill_hblank_effect_regular_attributesEPvPKNS_21regular_bg_attributesEPt
                0x0000000008003020      0x130 bn_bgs_manager.o
                0x0000000008003020                bn::bgs_manager::fill_hblank_effect_regular_attributes(void*, bn::regular_bg_attributes const*, unsigned short*)
 .text._ZN2bn11bgs_manager36fill_hblank_effect_affine_attributesEPvPKNS_20affine_bg_attributesEPt
                0x0000000008003150      0x134 bn_bgs_manager.o
                0x0000000008003150                bn::bgs_manager::fill_hblank_effect_affine_attributes(void*, bn::affine_bg_attributes const*, unsigned short*)
 .text._ZN3_bn6assert9show_argsIA31_cEEvPKcS4_S4_iRKT_
                0x0000000008003284       0x50 bn_bgs_manager.o
                0x0000000008003284                void _bn::assert::show_args<char [31]>(char const*, char const*, char const*, int, char const (&) [31])
 .text._ZN2bn11bgs_manager15rebuild_handlesEv.part.0
                0x00000000080032d4      0x198 bn_bgs_manager.o
 .text._ZN2bn11bgs_manager6updateEv
                0x000000000800346c      0x1cc bn_bgs_manager.o
                0x000000000800346c                bn::bgs_manager::update()
 .text.startup._GLOBAL__sub_I__ZN2bn3bgs16used_items_countEv
                0x0000000008003638       0x68 bn_bgs_manager.o
 .text.exit._GLOBAL__sub_D__ZN2bn3bgs16used_items_countEv
                0x00000000080036a0       0x14 bn_bgs_manager.o
 .text._ZNK2bn10camera_ptr8positionEv
                0x00000000080036b4       0x14 bn_cameras_manager.o
                0x00000000080036b4                bn::camera_ptr::position() const
 .text._ZN2bn15cameras_manager6updateEv
                0x00000000080036c8       0x28 bn_cameras_manager.o
                0x00000000080036c8                bn::cameras_manager::update()
 .text._ZN2bn15cameras_manager4initEv
                0x00000000080036f0       0x60 bn_cameras_manager.o
                0x00000000080036f0                bn::cameras_manager::init()
 .text._ZN2bn15cameras_manager15decrease_usagesEi.part.0
                0x0000000008003750       0x58 bn_cameras_manager.o
 .text._ZN2bn10camera_ptr8_destroyEv
                0x00000000080037a8       0x2c bn_cameras_manager.o
                0x00000000080037a8                bn::camera_ptr::_destroy()
 .text.startup._GLOBAL__sub_I__ZN2bn7cameras16used_items_countEv
                0x00000000080037d4       0x2c bn_cameras_manager.o
 .text._ZN2bn4core12_GLOBAL__N_111update_implEv
                0x0000000008003800       0x64 bn_core.o
 .text._ZN2bn4core12_GLOBAL__N_118hp_vblank_functionEv
                0x0000000008003864       0x44 bn_core.o
 .text._ZN2bn4core12_GLOBAL__N_14stopEb.constprop.0
                0x00000000080038a8       0x40 bn_core.o
 .text._ZN2bn11string_viewC2EPKc
                0x00000000080038e8       0x1c bn_core.o
                0x00000000080038e8                bn::string_view::string_view(char const*)
                0x00000000080038e8                bn::string_view::string_view(char const*)
 .text._ZN2bn4core6updateEv
                0x0000000008003904       0x78 bn_core.o
                0x0000000008003904                bn::core::update()
 .text._ZN2bn4core4initERKNS_11string_viewE
                0x000000000800397c       0xc0 bn_core.o
                0x000000000800397c                bn::core::init(bn::string_view const&)
 .text._ZN2bn4core4initEv
                0x0000000008003a3c       0x18 bn_core.o
                0x0000000008003a3c                bn::core::init()
 .text._ZN3_bn6assert4showEPKcS2_S2_iRKN2bn12istring_baseE
                0x0000000008003a54       0x64 bn_core.o
                0x0000000008003a54                _bn::assert::show(char const*, char const*, char const*, int, bn::istring_base const&)
 .text.startup._GLOBAL__sub_I__ZN2bn4core4initEv
                0x0000000008003ab8       0x38 bn_core.o
 .text._ZN2bn15display_manager12_GLOBAL__N_134_update_rect_windows_hw_boundariesEi
                0x0000000008003af0       0x8c bn_display_manager.o
 .text._ZN2bn15display_manager4initEv
                0x0000000008003b7c       0x40 bn_display_manager.o
                0x0000000008003b7c                bn::display_manager::init()
 .text._ZN2bn15display_manager8set_modeEi
                0x0000000008003bbc       0x1c bn_display_manager.o
                0x0000000008003bbc                bn::display_manager::set_mode(int)
 .text._ZN2bn15display_manager14set_bg_enabledEib
                0x0000000008003bd8       0x1c bn_display_manager.o
                0x0000000008003bd8                bn::display_manager::set_bg_enabled(int, bool)
 .text._ZN2bn15display_manager15disable_all_bgsEv
                0x0000000008003bf4       0x18 bn_display_manager.o
                0x0000000008003bf4                bn::display_manager::disable_all_bgs()
 .text._ZN2bn15display_manager36fill_mosaic_hblank_effect_attributesEPKNS_17mosaic_attributesEPt
                0x0000000008003c0c       0xb4 bn_display_manager.o
                0x0000000008003c0c                bn::display_manager::fill_mosaic_hblank_effect_attributes(bn::mosaic_attributes const*, unsigned short*)
 .text._ZN2bn15display_manager23set_blending_bg_enabledEib
                0x0000000008003cc0       0x14 bn_display_manager.o
                0x0000000008003cc0                bn::display_manager::set_blending_bg_enabled(int, bool)
 .text._ZN2bn15display_manager32blending_transparency_top_weightEv
                0x0000000008003cd4       0x18 bn_display_manager.o
                0x0000000008003cd4                bn::display_manager::blending_transparency_top_weight()
 .text._ZN2bn15display_manager35blending_transparency_bottom_weightEv
                0x0000000008003cec       0x28 bn_display_manager.o
                0x0000000008003cec                bn::display_manager::blending_transparency_bottom_weight()
 .text._ZN2bn15display_manager51fill_blending_transparency_hblank_effect_attributesEPKNS_32blending_transparency_attributesEPt
                0x0000000008003d14       0x30 bn_display_manager.o
                0x0000000008003d14                bn::display_manager::fill_blending_transparency_hblank_effect_attributes(bn::blending_transparency_attributes const*, unsigned short*)
 .text._ZN2bn15display_manager21blending_fade_enabledEv
                0x0000000008003d44       0x10 bn_display_manager.o
                0x0000000008003d44                bn::display_manager::blending_fade_enabled()
 .text._ZN2bn15display_manager39fill_blending_fade_hblank_effect_alphasEPKNS_19blending_fade_alphaEPt
                0x0000000008003d54       0x24 bn_display_manager.o
                0x0000000008003d54                bn::display_manager::fill_blending_fade_hblank_effect_alphas(bn::blending_fade_alpha const*, unsigned short*)
 .text._ZN2bn15display_manager26update_windows_visible_bgsEv
                0x0000000008003d78       0x10 bn_display_manager.o
                0x0000000008003d78                bn::display_manager::update_windows_visible_bgs()
 .text._ZN2bn15display_manager36rect_window_hw_horizontal_boundariesEi
                0x0000000008003d88       0x18 bn_display_manager.o
                0x0000000008003d88                bn::display_manager::rect_window_hw_horizontal_boundaries(int)
 .text._ZN2bn15display_manager34rect_window_hw_vertical_boundariesEi
                0x0000000008003da0       0x18 bn_display_manager.o
                0x0000000008003da0                bn::display_manager::rect_window_hw_vertical_boundaries(int)
 .text._ZN2bn15display_manager52fill_rect_window_hblank_effect_horizontal_boundariesERKNS_4pairIiiEEPKNS1_INS_7fixed_tILi12EEES6_EEPt
                0x0000000008003db8      0x13c bn_display_manager.o
                0x0000000008003db8                bn::display_manager::fill_rect_window_hblank_effect_horizontal_boundaries(bn::pair<int, int> const&, bn::pair<bn::fixed_t<12>, bn::fixed_t<12> > const*, unsigned short*)
 .text._ZN2bn15display_manager50fill_rect_window_hblank_effect_vertical_boundariesERKNS_4pairIiiEEPKNS1_INS_7fixed_tILi12EEES6_EEPt
                0x0000000008003ef4      0x13c bn_display_manager.o
                0x0000000008003ef4                bn::display_manager::fill_rect_window_hblank_effect_vertical_boundaries(bn::pair<int, int> const&, bn::pair<bn::fixed_t<12>, bn::fixed_t<12> > const*, unsigned short*)
 .text._ZN2bn15display_manager36fill_green_swap_hblank_effect_statesEPKbPt
                0x0000000008004030       0x38 bn_display_manager.o
                0x0000000008004030                bn::display_manager::fill_green_swap_hblank_effect_states(bool const*, unsigned short*)
 .text._ZN2bn15display_manager14update_camerasEv
                0x0000000008004068       0x40 bn_display_manager.o
                0x0000000008004068                bn::display_manager::update_cameras()
 .text._ZN2bn15display_manager6updateEv
                0x00000000080040a8      0x210 bn_display_manager.o
                0x00000000080040a8                bn::display_manager::update()
 .text._ZN2bn15display_manager6commitEv
                0x00000000080042b8      0x164 bn_display_manager.o
                0x00000000080042b8                bn::display_manager::commit()
 .text._ZN2bn15display_manager4stopEv
                0x000000000800441c       0x28 bn_display_manager.o
                0x000000000800441c                bn::display_manager::stop()
 .text._ZN3_bn6assert9show_argsIA66_cEEvPKcS4_S4_iRKT_
                0x0000000008004444       0x50 bn_display_manager.o
                0x0000000008004444                void _bn::assert::show_args<char [66]>(char const*, char const*, char const*, int, char const (&) [66])
 .text.startup._GLOBAL__sub_I__ZNK2bn6window7show_bgERKNS_14regular_bg_ptrE
                0x0000000008004494       0x7c bn_display_manager.o
 .text.exit._GLOBAL__sub_D__ZNK2bn6window7show_bgERKNS_14regular_bg_ptrE
                0x0000000008004510       0x48 bn_display_manager.o
 .text._ZN2bn18igeneric_pool_baseC2EPci
                0x0000000008004558       0x10 bn_generic_pool.o
                0x0000000008004558                bn::igeneric_pool_base::igeneric_pool_base(char*, int)
                0x0000000008004558                bn::igeneric_pool_base::igeneric_pool_base(char*, int)
 .text._ZN2bn18igeneric_pool_base5_freeEPc
                0x0000000008004568       0x10 bn_generic_pool.o
                0x0000000008004568                bn::igeneric_pool_base::_free(char*)
 .text._ZN2bn18igeneric_pool_baseD2Ev
                0x0000000008004578       0x40 bn_generic_pool.o
                0x0000000008004578                bn::igeneric_pool_base::~igeneric_pool_base()
                0x0000000008004578                bn::igeneric_pool_base::~igeneric_pool_base()
 .text._ZN2bn18igeneric_pool_base9_allocateEv
                0x00000000080045b8       0x54 bn_generic_pool.o
                0x00000000080045b8                bn::igeneric_pool_base::_allocate()
 .text._ZN2bn12gpio_manager6commitEv
                0x000000000800460c       0x48 bn_gpio_manager.o
                0x000000000800460c                bn::gpio_manager::commit()
 .text._ZN2bn12gpio_manager4stopEv
                0x0000000008004654       0x3c bn_gpio_manager.o
                0x0000000008004654                bn::gpio_manager::stop()
 .text._ZN2bn22hblank_effects_manager12_GLOBAL__N_19item_type18_output_values_ptrEv
                0x0000000008004690       0x40 bn_hblank_effects_manager.o
 .text._ZN2bn7type_idINS_4pairIiiEEEENS_9type_id_tEv
                0x00000000080046d0        0x8 bn_hblank_effects_manager.o
                0x00000000080046d0                bn::type_id_t bn::type_id<bn::pair<int, int> >()
 .text._ZN2bn7type_idINS_33regular_bg_attributes_hbe_handler15last_value_typeEEENS_9type_id_tEv
                0x00000000080046d8        0x8 bn_hblank_effects_manager.o
                0x00000000080046d8                bn::type_id_t bn::type_id<bn::regular_bg_attributes_hbe_handler::last_value_type>()
 .text._ZN2bn7type_idINS_32affine_bg_attributes_hbe_handler15last_value_typeEEENS_9type_id_tEv
                0x00000000080046e0        0x8 bn_hblank_effects_manager.o
                0x00000000080046e0                bn::type_id_t bn::type_id<bn::affine_bg_attributes_hbe_handler::last_value_type>()
 .text._ZN2bn7type_idIiEENS_9type_id_tEv
                0x00000000080046e8        0x8 bn_hblank_effects_manager.o
                0x00000000080046e8                bn::type_id_t bn::type_id<int>()
 .text._ZN2bn7type_idINS_47affine_bg_pivot_horizontal_position_hbe_handler15last_value_typeEEENS_9type_id_tEv
                0x00000000080046f0        0x8 bn_hblank_effects_manager.o
                0x00000000080046f0                bn::type_id_t bn::type_id<bn::affine_bg_pivot_horizontal_position_hbe_handler::last_value_type>()
 .text._ZN2bn7type_idINS_45affine_bg_pivot_vertical_position_hbe_handler15last_value_typeEEENS_9type_id_tEv
                0x00000000080046f8        0x8 bn_hblank_effects_manager.o
                0x00000000080046f8                bn::type_id_t bn::type_id<bn::affine_bg_pivot_vertical_position_hbe_handler::last_value_type>()
 .text._ZN2bn7type_idINS_35sprite_first_attributes_hbe_handler15last_value_typeEEENS_9type_id_tEv
                0x0000000008004700        0x8 bn_hblank_effects_manager.o
                0x0000000008004700                bn::type_id_t bn::type_id<bn::sprite_first_attributes_hbe_handler::last_value_type>()
 .text._ZN2bn7type_idINS_35sprite_second_attributes_last_valueEEENS_9type_id_tEv
                0x0000000008004708        0x8 bn_hblank_effects_manager.o
                0x0000000008004708                bn::type_id_t bn::type_id<bn::sprite_second_attributes_last_value>()
 .text._ZN2bn7type_idINS_17sprite_shape_sizeEEENS_9type_id_tEv
                0x0000000008004710        0x8 bn_hblank_effects_manager.o
                0x0000000008004710                bn::type_id_t bn::type_id<bn::sprite_shape_size>()
 .text._ZN2bn43sprite_affine_second_attributes_hbe_handler14target_updatedEiRNS_4ianyE.part.0
                0x0000000008004718       0x5c bn_hblank_effects_manager.o
 .text._ZN2bn22hblank_effects_manager7disableEv
                0x0000000008004774       0x24 bn_hblank_effects_manager.o
                0x0000000008004774                bn::hblank_effects_manager::disable()
 .text._ZN2bn22hblank_effects_manager6commitEv
                0x0000000008004798       0x74 bn_hblank_effects_manager.o
                0x0000000008004798                bn::hblank_effects_manager::commit()
 .text._ZN2bn22hblank_effects_manager12_GLOBAL__N_110_is_uint32ENS0_12handler_typeE.part.0
                0x000000000800480c       0x3c bn_hblank_effects_manager.o
 .text._ZN2bn8optionalINS_29affine_bg_pa_register_hbe_ptrEEdeEv.part.0
                0x0000000008004848       0x34 bn_hblank_effects_manager.o
 .text._ZN2bn22hblank_effects_manager12_GLOBAL__N_19item_type18_check_update_implINS_33regular_bg_attributes_hbe_handlerEEEbb
                0x000000000800487c      0x1b4 bn_hblank_effects_manager.o
 .text._ZN2bn22hblank_effects_manager12_GLOBAL__N_19item_type12check_updateEv
                0x0000000008004a30     0x1d98 bn_hblank_effects_manager.o
 .text._ZN2bn22hblank_effects_manager6updateEv
                0x00000000080067c8      0x234 bn_hblank_effects_manager.o
                0x00000000080067c8                bn::hblank_effects_manager::update()
 .text._ZN2bn22hblank_effects_manager4initEv
                0x00000000080069fc       0xe4 bn_hblank_effects_manager.o
                0x00000000080069fc                bn::hblank_effects_manager::init()
 .text.startup._GLOBAL__sub_I__ZN2bn4hbes10used_countEv
                0x0000000008006ae0      0x100 bn_hblank_effects_manager.o
 .text.exit._GLOBAL__sub_D__ZN2bn4hbes10used_countEv
                0x0000000008006be0       0x40 bn_hblank_effects_manager.o
 .text._ZN2bn12hdma_manager7disableEv
                0x0000000008006c20       0x30 bn_hdma_manager.o
                0x0000000008006c20                bn::hdma_manager::disable()
 .text._ZN2bn12hdma_manager10force_stopEv
                0x0000000008006c50       0x3c bn_hdma_manager.o
                0x0000000008006c50                bn::hdma_manager::force_stop()
 .text._ZN2bn12hdma_manager6updateEv
                0x0000000008006c8c       0x6c bn_hdma_manager.o
                0x0000000008006c8c                bn::hdma_manager::update()
 .text._ZN2bn12hdma_manager6commitEv
                0x0000000008006cf8       0xd0 bn_hdma_manager.o
                0x0000000008006cf8                bn::hdma_manager::commit()
 .text.startup._GLOBAL__sub_I__ZN2bn4hdma7runningEv
                0x0000000008006dc8       0x34 bn_hdma_manager.o
 .text._ZN2bn14keypad_manager4stopEv
                0x0000000008006dfc        0x4 bn_keypad_manager.o
                0x0000000008006dfc                bn::keypad_manager::stop()
 .text._ZN3_bn6assert9show_argsIJA19_ciA4_ciEEEvPKcS5_S5_iDpRKT_
                0x0000000008006e00       0x6c bn_keypad_manager.o
                0x0000000008006e00                void _bn::assert::show_args<char [19], int, char [4], int>(char const*, char const*, char const*, int, char const (&) [19], int const&, char const (&) [4], int const&)
 .text._ZN2bn14keypad_manager6updateEv
                0x0000000008006e6c       0xb4 bn_keypad_manager.o
                0x0000000008006e6c                bn::keypad_manager::update()
 .text._ZN3_bn6assert9show_argsIA24_ciEEvPKcS4_S4_iRKT_RKT0_
                0x0000000008006f20       0x58 bn_keypad_manager.o
                0x0000000008006f20                void _bn::assert::show_args<char [24], int>(char const*, char const*, char const*, int, char const (&) [24], int const&)
 .text._ZN2bn14keypad_manager4initERKNS_11string_viewE
                0x0000000008006f78       0x64 bn_keypad_manager.o
                0x0000000008006f78                bn::keypad_manager::init(bn::string_view const&)
 .text._ZN2bn12link_manager4initEv
                0x0000000008006fdc       0xd0 bn_link_manager.o
                0x0000000008006fdc                bn::link_manager::init()
 .text._ZN2bn12link_manager7disableEv
                0x00000000080070ac       0x90 bn_link_manager.o
                0x00000000080070ac                bn::link_manager::disable()
 .text._ZN2bn12link_manager6commitEv
                0x000000000800713c       0x40 bn_link_manager.o
                0x000000000800713c                bn::link_manager::commit()
 .text.startup._GLOBAL__sub_I__ZN2bn4link4sendEi
                0x000000000800717c       0x48 bn_link_manager.o
 .text._ZN2bn18best_fit_allocatorILi16EED2Ev
                0x00000000080071c4       0x8c bn_memory_manager.o
                0x00000000080071c4                bn::best_fit_allocator<16>::~best_fit_allocator()
                0x00000000080071c4                bn::best_fit_allocator<16>::~best_fit_allocator()
 .text._ZN2bn14memory_manager4initEv
                0x0000000008007250      0x118 bn_memory_manager.o
                0x0000000008007250                bn::memory_manager::init()
 .text.exit._GLOBAL__sub_D__Znwj
                0x0000000008007368       0x20 bn_memory_manager.o
 .text._ZN2bn2hw8palettes9grayscaleEPKNS_5colorEiiPS2_.part.0
                0x0000000008007388       0x40 bn_palettes_manager.o
 .text._ZN2bn14bg_palette_ptrC2ERKS0_
                0x00000000080073c8       0x2c bn_palettes_manager.o
                0x00000000080073c8                bn::bg_palette_ptr::bg_palette_ptr(bn::bg_palette_ptr const&)
                0x00000000080073c8                bn::bg_palette_ptr::bg_palette_ptr(bn::bg_palette_ptr const&)
 .text._ZNK2bn14bg_palette_ptr3bppEv
                0x00000000080073f4       0x24 bn_palettes_manager.o
                0x00000000080073f4                bn::bg_palette_ptr::bpp() const
 .text._ZNK2bn18sprite_palette_ptr3bppEv
                0x0000000008007418       0x1c bn_palettes_manager.o
                0x0000000008007418                bn::sprite_palette_ptr::bpp() const
 .text._ZNK2bn13palettes_bank20retrieve_commit_dataEv
                0x0000000008007434       0x58 bn_palettes_manager.o
                0x0000000008007434                bn::palettes_bank::retrieve_commit_data() const
 .text._ZNK2bn13palettes_bank21_apply_global_effectsEiPNS_5colorE
                0x000000000800748c      0x13c bn_palettes_manager.o
                0x000000000800748c                bn::palettes_bank::_apply_global_effects(int, bn::color*) const
 .text._ZNK2bn13palettes_bank25fill_hblank_effect_colorsEPKNS_5colorEPt
                0x00000000080075c8       0x38 bn_palettes_manager.o
                0x00000000080075c8                bn::palettes_bank::fill_hblank_effect_colors(bn::color const*, unsigned short*) const
 .text._ZNK2bn13palettes_bank7palette13apply_effectsEiPNS_5colorE
                0x0000000008007600       0xbc bn_palettes_manager.o
                0x0000000008007600                bn::palettes_bank::palette::apply_effects(int, bn::color*) const
 .text._ZNK2bn13palettes_bank25fill_hblank_effect_colorsEiPKNS_5colorEPt
                0x00000000080076bc       0x4c bn_palettes_manager.o
                0x00000000080076bc                bn::palettes_bank::fill_hblank_effect_colors(int, bn::color const*, unsigned short*) const
 .text._ZN2bn13palettes_bank15_update_paletteEi
                0x0000000008007708       0x84 bn_palettes_manager.o
                0x0000000008007708                bn::palettes_bank::_update_palette(int)
 .text._ZN2bn13palettes_bank6updateEv
                0x000000000800778c      0x124 bn_palettes_manager.o
                0x000000000800778c                bn::palettes_bank::update()
 .text._ZN2bn13palettes_bankC2Ev
                0x00000000080078b0       0xcc bn_palettes_manager.o
                0x00000000080078b0                bn::palettes_bank::palettes_bank()
                0x00000000080078b0                bn::palettes_bank::palettes_bank()
 .text._ZN2bn16palettes_manager20sprite_palettes_bankEv
                0x000000000800797c        0x8 bn_palettes_manager.o
                0x000000000800797c                bn::palettes_manager::sprite_palettes_bank()
 .text._ZN2bn16palettes_manager16bg_palettes_bankEv
                0x0000000008007984        0x8 bn_palettes_manager.o
                0x0000000008007984                bn::palettes_manager::bg_palettes_bank()
 .text._ZN2bn16palettes_manager6updateEv
                0x000000000800798c       0x20 bn_palettes_manager.o
                0x000000000800798c                bn::palettes_manager::update()
 .text._ZN2bn16palettes_manager6commitEv
                0x00000000080079ac       0xbc bn_palettes_manager.o
                0x00000000080079ac                bn::palettes_manager::commit()
 .text._ZN2bn16palettes_manager4stopEv
                0x0000000008007a68       0x20 bn_palettes_manager.o
                0x0000000008007a68                bn::palettes_manager::stop()
 .text._ZN2bn14iunordered_mapItsNS_13palettes_bank15identity_hasherENS_8equal_toItEEE5eraseERKNS5_14const_iteratorE.isra.0
                0x0000000008007a88      0x1bc bn_palettes_manager.o
 .text._ZN2bn13palettes_bank15decrease_usagesEi.part.0
                0x0000000008007c44       0xe4 bn_palettes_manager.o
 .text._ZN2bn14bg_palette_ptr8_destroyEv
                0x0000000008007d28       0x34 bn_palettes_manager.o
                0x0000000008007d28                bn::bg_palette_ptr::_destroy()
 .text._ZN2bn14bg_palette_ptraSERKS0_
                0x0000000008007d5c       0x5c bn_palettes_manager.o
                0x0000000008007d5c                bn::bg_palette_ptr::operator=(bn::bg_palette_ptr const&)
 .text.startup._GLOBAL__sub_I__ZN2bn11bg_palettes17used_colors_countEv
                0x0000000008007db8       0x20 bn_palettes_manager.o
 .text._ZNK2bn21sprite_affine_mat_ptr15horizontal_flipEv
                0x0000000008007dd8       0x20 bn_sprite_affine_mats_manager.o
                0x0000000008007dd8                bn::sprite_affine_mat_ptr::horizontal_flip() const
 .text._ZNK2bn21sprite_affine_mat_ptr13vertical_flipEv
                0x0000000008007df8       0x20 bn_sprite_affine_mats_manager.o
                0x0000000008007df8                bn::sprite_affine_mat_ptr::vertical_flip() const
 .text._ZN2bn26sprite_affine_mats_manager20retrieve_commit_dataEv
                0x0000000008007e18       0x44 bn_sprite_affine_mats_manager.o
                0x0000000008007e18                bn::sprite_affine_mats_manager::retrieve_commit_data()
 .text._ZN2bn26sprite_affine_mats_manager15decrease_usagesEi.part.0
                0x0000000008007e5c       0x78 bn_sprite_affine_mats_manager.o
 .text._ZN2bn21sprite_affine_mat_ptr8_destroyEv
                0x0000000008007ed4       0x2c bn_sprite_affine_mats_manager.o
                0x0000000008007ed4                bn::sprite_affine_mat_ptr::_destroy()
 .text._ZN2bn26sprite_affine_mats_manager6updateEv
                0x0000000008007f00       0xa0 bn_sprite_affine_mats_manager.o
                0x0000000008007f00                bn::sprite_affine_mats_manager::update()
 .text._ZN2bn26sprite_affine_mats_manager4initEPv
                0x0000000008007fa0       0x78 bn_sprite_affine_mats_manager.o
                0x0000000008007fa0                bn::sprite_affine_mats_manager::init(void*)
 .text._ZN2bn26sprite_affine_mats_manager14dettach_spriteEiRNS_24intrusive_list_node_typeE
                0x0000000008008018       0x5c bn_sprite_affine_mats_manager.o
                0x0000000008008018                bn::sprite_affine_mats_manager::dettach_sprite(int, bn::intrusive_list_node_type&)
 .text.startup._GLOBAL__sub_I__ZN2bn18sprite_affine_mats10used_countEv
                0x0000000008008074       0x98 bn_sprite_affine_mats_manager.o
 .text.exit._GLOBAL__sub_D__ZN2bn18sprite_affine_mats10used_countEv
                0x000000000800810c       0x3c bn_sprite_affine_mats_manager.o
 .text._ZNK2bn17sprite_shape_size5widthEv
                0x0000000008008148       0xf4 bn_sprite_text_generator.o
                0x0000000008008148                bn::sprite_shape_size::width() const
 .text._ZNK2bn17sprite_shape_size6heightEv
                0x000000000800823c       0xf4 bn_sprite_text_generator.o
                0x000000000800823c                bn::sprite_shape_size::height() const
 .text._ZNK2bn16sprite_tiles_ptr2idEv
                0x0000000008008330       0x18 bn_sprite_tiles_manager.o
                0x0000000008008330                bn::sprite_tiles_ptr::id() const
 .text._ZNK2bn16sprite_tiles_ptr11tiles_countEv
                0x0000000008008348       0x18 bn_sprite_tiles_manager.o
                0x0000000008008348                bn::sprite_tiles_ptr::tiles_count() const
 .text._ZN2bn20sprite_tiles_manager6commitEv
                0x0000000008008360       0xe0 bn_sprite_tiles_manager.o
                0x0000000008008360                bn::sprite_tiles_manager::commit()
 .text._ZN2bn20sprite_tiles_manager12_GLOBAL__N_116_erase_free_itemEi
                0x0000000008008440      0x100 bn_sprite_tiles_manager.o
 .text._ZN2bn20sprite_tiles_manager12_GLOBAL__N_117_insert_free_itemEiPt
                0x0000000008008540       0xec bn_sprite_tiles_manager.o
 .text._ZN2bn14iunordered_mapIPKNS_4tileEiNS_4hashIS3_EENS_8equal_toIS3_EEE5eraseERKNS8_14const_iteratorE.isra.0
                0x000000000800862c      0x1c0 bn_sprite_tiles_manager.o
 .text._ZN2bn20sprite_tiles_manager6updateEv
                0x00000000080087ec      0x27c bn_sprite_tiles_manager.o
                0x00000000080087ec                bn::sprite_tiles_manager::update()
 .text._ZN2bn20sprite_tiles_manager4initEv
                0x0000000008008a68      0x16c bn_sprite_tiles_manager.o
                0x0000000008008a68                bn::sprite_tiles_manager::init()
 .text.startup._GLOBAL__sub_I__ZN2bn12sprite_tiles16used_tiles_countEv
                0x0000000008008bd4      0x110 bn_sprite_tiles_manager.o
 .text._ZN2bn15sprites_manager12_GLOBAL__N_125_update_indexes_to_commitERKNS_20sprites_manager_itemE
                0x0000000008008ce4       0x48 bn_sprites_manager.o
 .text._ZN2bn13ostringstream11append_argsIiJA4_ciEEEvRKT_DpRKT0_.isra.0
                0x0000000008008d2c       0x24 bn_sprites_manager.o
 .text._ZN2bn15sprites_manager12_GLOBAL__N_123_update_item_dimensionsERNS_20sprites_manager_itemE
                0x0000000008008d50       0xcc bn_sprites_manager.o
 .text._ZN2bn15sprites_manager4initEv
                0x0000000008008e1c       0x34 bn_sprites_manager.o
                0x0000000008008e1c                bn::sprites_manager::init()
 .text._ZN2bn15sprites_manager5hw_idEPv
                0x0000000008008e50       0x24 bn_sprites_manager.o
                0x0000000008008e50                bn::sprites_manager::hw_id(void*)
 .text._ZN2bn15sprites_manager5shapeEPv
                0x0000000008008e74        0x8 bn_sprites_manager.o
                0x0000000008008e74                bn::sprites_manager::shape(void*)
 .text._ZN2bn15sprites_manager4sizeEPv
                0x0000000008008e7c        0x8 bn_sprites_manager.o
                0x0000000008008e7c                bn::sprites_manager::size(void*)
 .text._ZN2bn15sprites_manager10shape_sizeEPv
                0x0000000008008e84       0x14 bn_sprites_manager.o
                0x0000000008008e84                bn::sprites_manager::shape_size(void*)
 .text._ZN2bn15sprites_manager11hw_positionEPv
                0x0000000008008e98        0x4 bn_sprites_manager.o
                0x0000000008008e98                bn::sprites_manager::hw_position(void*)
 .text._ZN2bn15sprites_manager9view_modeEPv
                0x0000000008008e9c        0xc bn_sprites_manager.o
                0x0000000008008e9c                bn::sprites_manager::view_mode(void*)
 .text._ZN2bn15sprites_manager10affine_matEPv
                0x0000000008008ea8        0x4 bn_sprites_manager.o
                0x0000000008008ea8                bn::sprites_manager::affine_mat(void*)
 .text._ZN2bn15sprites_manager39fill_hblank_effect_horizontal_positionsEPviPKNS_7fixed_tILi12EEEPt
                0x0000000008008eac       0x48 bn_sprites_manager.o
                0x0000000008008eac                bn::sprites_manager::fill_hblank_effect_horizontal_positions(void*, int, bn::fixed_t<12> const*, unsigned short*)
 .text._ZN2bn15sprites_manager37fill_hblank_effect_vertical_positionsEPviPKNS_7fixed_tILi12EEEPt
                0x0000000008008ef4       0x48 bn_sprites_manager.o
                0x0000000008008ef4                bn::sprites_manager::fill_hblank_effect_vertical_positions(void*, int, bn::fixed_t<12> const*, unsigned short*)
 .text._ZN2bn15sprites_manager35fill_hblank_effect_first_attributesEiNS_12sprite_shapeENS_8bpp_modeEiPKNS_23sprite_first_attributesEPt
                0x0000000008008f3c      0x108 bn_sprites_manager.o
                0x0000000008008f3c                bn::sprites_manager::fill_hblank_effect_first_attributes(int, bn::sprite_shape, bn::bpp_mode, int, bn::sprite_first_attributes const*, unsigned short*)
 .text._ZN2bn15sprites_manager44fill_hblank_effect_regular_second_attributesEPviNS_11sprite_sizeEPKNS_32sprite_regular_second_attributesEPt
                0x0000000008009044       0x60 bn_sprites_manager.o
                0x0000000008009044                bn::sprites_manager::fill_hblank_effect_regular_second_attributes(void*, int, bn::sprite_size, bn::sprite_regular_second_attributes const*, unsigned short*)
 .text._ZN2bn15sprites_manager43fill_hblank_effect_affine_second_attributesEPviNS_11sprite_sizeEPKNS_31sprite_affine_second_attributesEPt
                0x00000000080090a4       0x58 bn_sprites_manager.o
                0x00000000080090a4                bn::sprites_manager::fill_hblank_effect_affine_second_attributes(void*, int, bn::sprite_size, bn::sprite_affine_second_attributes const*, unsigned short*)
 .text._ZN2bn15sprites_manager14update_camerasEv
                0x00000000080090fc       0x2c bn_sprites_manager.o
                0x00000000080090fc                bn::sprites_manager::update_cameras()
 .text._ZN2bn15sprites_manager6commitEv
                0x0000000008009128       0x9c bn_sprites_manager.o
                0x0000000008009128                bn::sprites_manager::commit()
 .text._ZNK2bn17sprite_shape_size11tiles_countENS_8bpp_modeE.part.0
                0x00000000080091c4      0x110 bn_sprites_manager.o
 .text._ZN2bn15sprites_manager12_GLOBAL__N_118_remove_affine_matERNS_20sprites_manager_itemE
                0x00000000080092d4       0xe4 bn_sprites_manager.o
 .text._ZN2bn15sprites_manager40remove_identity_affine_mat_if_not_neededEPv
                0x00000000080093b8       0x18 bn_sprites_manager.o
                0x00000000080093b8                bn::sprites_manager::remove_identity_affine_mat_if_not_needed(void*)
 .text._ZN2bn15sprites_manager7paletteEPv
                0x00000000080093d0       0x44 bn_sprites_manager.o
                0x00000000080093d0                bn::sprites_manager::palette(void*)
 .text._ZN3_bn6assert9show_argsIA27_cEEvPKcS4_S4_iRKT_
                0x0000000008009414       0x50 bn_sprites_manager.o
                0x0000000008009414                void _bn::assert::show_args<char [27]>(char const*, char const*, char const*, int, char const (&) [27])
 .text._ZN2bn15sprites_manager6updateEv
                0x0000000008009464      0x184 bn_sprites_manager.o
                0x0000000008009464                bn::sprites_manager::update()
 .text._ZN3_bn6assert9show_argsIJA27_ciA4_ciEEEvPKcS5_S5_iDpRKT_
                0x00000000080095e8       0x5c bn_sprites_manager.o
                0x00000000080095e8                void _bn::assert::show_args<char [27], int, char [4], int>(char const*, char const*, char const*, int, char const (&) [27], int const&, char const (&) [4], int const&)
 .text._ZN2bn15sprites_manager35fill_hblank_effect_third_attributesENS_17sprite_shape_sizeEPKNS_23sprite_third_attributesEPt
                0x0000000008009644      0x114 bn_sprites_manager.o
                0x0000000008009644                bn::sprites_manager::fill_hblank_effect_third_attributes(bn::sprite_shape_size, bn::sprite_third_attributes const*, unsigned short*)
 .text.startup._GLOBAL__sub_I__ZN2bn7sprites16used_items_countEv
                0x0000000008009758       0x9c bn_sprites_manager.o
 .text.exit._GLOBAL__sub_D__ZN2bn7sprites16used_items_countEv
                0x00000000080097f4       0x4c bn_sprites_manager.o
 .text._ZN2bn13ostringstreamC2ERNS_12istring_baseE
                0x0000000008009840        0x8 bn_sstream.o
                0x0000000008009840                bn::ostringstream::ostringstream(bn::istring_base&)
                0x0000000008009840                bn::ostringstream::ostringstream(bn::istring_base&)
 .text._ZN2bn13ostringstream6appendEPKc
                0x0000000008009848       0x94 bn_sstream.o
                0x0000000008009848                bn::ostringstream::append(char const*)
 .text._ZN2bn7istring6appendEPKc.isra.0
                0x00000000080098dc       0x94 bn_sstream.o
 .text._ZN2bn13ostringstream6appendEi
                0x0000000008009970       0xb4 bn_sstream.o
                0x0000000008009970                bn::ostringstream::append(int)
 .text._ZN3_bn6assert9show_argsIA26_ciEEvPKcS4_S4_iRKT_RKT0_
                0x0000000008009a24       0x54 bn_sstream.o
                0x0000000008009a24                void _bn::assert::show_args<char [26], int>(char const*, char const*, char const*, int, char const (&) [26], int const&)
 .text._ZN2bn5timerC2Ev
                0x0000000008009a78       0x18 bn_timer.o
                0x0000000008009a78                bn::timer::timer()
                0x0000000008009a78                bn::timer::timer()
 .text._ZNK2bn5timer13elapsed_ticksEv
                0x0000000008009a90       0x38 bn_timer.o
                0x0000000008009a90                bn::timer::elapsed_ticks() const
 .text._ZN2bn5timer7restartEv
                0x0000000008009ac8       0x18 bn_timer.o
                0x0000000008009ac8                bn::timer::restart()
 .text._ZN2bn2hw5audio12_GLOBAL__N_115_vblank_handlerEv
                0x0000000008009ae0       0x34 bn_hw_audio.o
 .text._ZN2bn2hw5audio4initEPFvvES3_
                0x0000000008009b14       0x6c bn_hw_audio.o
                0x0000000008009b14                bn::hw::audio::init(void (*)(), void (*)())
 .text._ZN2bn2hw5audio7disableEv
                0x0000000008009b80       0x34 bn_hw_audio.o
                0x0000000008009b80                bn::hw::audio::disable()
 .text._ZN2bn2hw5audio22disable_vblank_handlerEv
                0x0000000008009bb4       0x14 bn_hw_audio.o
                0x0000000008009bb4                bn::hw::audio::disable_vblank_handler()
 .text._ZN2bn2hw5audio6commitEv
                0x0000000008009bc8       0x30 bn_hw_audio.o
                0x0000000008009bc8                bn::hw::audio::commit()
 .text._ZN2bn2hw5audio12_GLOBAL__N_119_add_sound_to_queueEit
                0x0000000008009bf8       0xac bn_hw_audio.o
 .text._ZN2bn2hw5audio15stop_all_soundsEv
                0x0000000008009ca4       0x7c bn_hw_audio.o
                0x0000000008009ca4                bn::hw::audio::stop_all_sounds()
 .text._ZN2bn2hw5audio12_GLOBAL__N_119_check_sounds_queueEv.part.0
                0x0000000008009d20       0xc0 bn_hw_audio.o
 .text._ZN2bn2hw5audio10play_soundEiiiii
                0x0000000008009de0       0x44 bn_hw_audio.o
                0x0000000008009de0                bn::hw::audio::play_sound(int, int, int, int, int)
 .text._ZN2bn2hw5audio10play_soundEii
                0x0000000008009e24       0x30 bn_hw_audio.o
                0x0000000008009e24                bn::hw::audio::play_sound(int, int)
 .text._ZN2bn2hw5audio6updateEv
                0x0000000008009e54       0xb8 bn_hw_audio.o
                0x0000000008009e54                bn::hw::audio::update()
 .text.startup._GLOBAL__sub_I__ZN2bn2hw5audio4initEPFvvES3_
                0x0000000008009f0c       0x2c bn_hw_audio.o
 .text.exit._GLOBAL__sub_D__ZN2bn2hw5audio4initEPFvvES3_
                0x0000000008009f38       0x80 bn_hw_audio.o
 .text._ZN3_bn6assert9show_argsIA40_cEEvPKcS4_S4_iRKT_
                0x0000000008009fb8       0x50 bn_hw_common.bn_noflto.o
                0x0000000008009fb8                void _bn::assert::show_args<char [40]>(char const*, char const*, char const*, int, char const (&) [40])
 .text.__aeabi_idiv0
                0x000000000800a008       0x34 bn_hw_common.bn_noflto.o
                0x000000000800a008                __aeabi_idiv0
 .text._ZN2bn2hw8game_pak14_slow_game_pakEv
                0x000000000800a03c       0x88 bn_hw_game_pak.bn_ewram.o
                0x000000000800a03c                bn::hw::game_pak::_slow_game_pak()
 .text._ZN2bn2hw8game_pak4initEv
                0x000000000800a0c4       0x28 bn_hw_game_pak.o
                0x000000000800a0c4                bn::hw::game_pak::init()
 .text._ZN2bn2hw4link11_timer_intrEv
                0x000000000800a0ec      0x10c bn_hw_link.o
                0x000000000800a0ec                bn::hw::link::_timer_intr()
 .text._ZN14LinkConnection9_onSerialEv
                0x000000000800a1f8      0x240 bn_hw_link.o
                0x000000000800a1f8                LinkConnection::_onSerial()
 .text._ZN2bn2hw4link12_serial_intrEv
                0x000000000800a438       0x14 bn_hw_link.o
                0x000000000800a438                bn::hw::link::_serial_intr()
 .text._ZN2bn2hw6memory4initEv
                0x000000000800a44c        0x4 bn_hw_memory.o
                0x000000000800a44c                bn::hw::memory::init()
 .text._ZN2bn2hw6memory16ewram_heap_startEv
                0x000000000800a450        0x8 bn_hw_memory.o
                0x000000000800a450                bn::hw::memory::ewram_heap_start()
 .text._ZN2bn2hw6memory14ewram_heap_endEv
                0x000000000800a458        0x8 bn_hw_memory.o
                0x000000000800a458                bn::hw::memory::ewram_heap_end()
 .text._ZN2bn2hw8palettes12_GLOBAL__N_110lut_effectEPKNS_5colorEPKhiPS3_
                0x000000000800a460       0x40 bn_hw_palettes.o
 .text._ZN2bn2hw8palettes10brightnessEPKNS_5colorEiiPS2_
                0x000000000800a4a0       0x54 bn_hw_palettes.o
                0x000000000800a4a0                bn::hw::palettes::brightness(bn::color const*, int, int, bn::color*)
 .text._ZN2bn2hw8palettes8contrastEPKNS_5colorEiiPS2_
                0x000000000800a4f4       0x18 bn_hw_palettes.o
                0x000000000800a4f4                bn::hw::palettes::contrast(bn::color const*, int, int, bn::color*)
 .text._ZN2bn2hw8palettes9intensityEPKNS_5colorEiiPS2_
                0x000000000800a50c       0x18 bn_hw_palettes.o
                0x000000000800a50c                bn::hw::palettes::intensity(bn::color const*, int, int, bn::color*)
 .text._ZN2bn2hw8palettes9hue_shiftEPKNS_5colorEiiPS2_
                0x000000000800a524      0x154 bn_hw_palettes.o
                0x000000000800a524                bn::hw::palettes::hue_shift(bn::color const*, int, int, bn::color*)
 .text._ZN2bn2hw8palettes6rotateEPKNS_5colorEiiPS2_
                0x000000000800a678       0x2c bn_hw_palettes.o
                0x000000000800a678                bn::hw::palettes::rotate(bn::color const*, int, int, bn::color*)
 .text._ZN2bn2hw4show5errorERKNS_11system_fontERKNS_11string_viewES7_S7_iS7_S7_
                0x000000000800a6a4      0x358 bn_hw_show.o
                0x000000000800a6a4                bn::hw::show::error(bn::system_font const&, bn::string_view const&, bn::string_view const&, bn::string_view const&, int, bn::string_view const&, bn::string_view const&)
 .text._ZN2bn2hw4sram4initEv
                0x000000000800a9fc       0x10 bn_hw_sram.o
                0x000000000800a9fc                bn::hw::sram::init()
 .text._ZN2bn11system_fontC2Ev
                0x000000000800aa0c       0x18 bn_hw_system_font.o
                0x000000000800aa0c                bn::system_font::system_font()
                0x000000000800aa0c                bn::system_font::system_font()
 .text._ZNK2bn11system_font8tte_fontEv
                0x000000000800aa24        0x4 bn_hw_system_font.o
                0x000000000800aa24                bn::system_font::tte_font() const
 .text._ZN2bn2hw4text5parseEiRNS_5arrayIcLi32EEE
                0x000000000800aa28       0xbc bn_hw_text.o
                0x000000000800aa28                bn::hw::text::parse(int, bn::array<char, 32>&)
 .text.clr_grayscale
                0x000000000800aae4       0x84 tonc_color.o
                0x000000000800aae4                clr_grayscale
 .text.__toncset
                0x000000000800ab68       0x90 tonc_core.o
                0x000000000800ab68                __toncset
 .text.irq_init
                0x000000000800abf8       0x48 tonc_irq.o
                0x000000000800abf8                irq_init
 .text.irq_add  0x000000000800ac40       0x6c tonc_irq.o
                0x000000000800ac40                irq_add
 .text.irq_add_disabled
                0x000000000800acac       0x40 tonc_irq.o
                0x000000000800acac                irq_add_disabled
 .text.irq_enable
                0x000000000800acec       0x48 tonc_irq.o
                0x000000000800acec                irq_enable
 .text.irq_disable
                0x000000000800ad34       0x44 tonc_irq.o
                0x000000000800ad34                irq_disable
 .text.sbmp16_rect
                0x000000000800ad78       0x64 tonc_sbmp16.o
                0x000000000800ad78                sbmp16_rect
 .text.sbmp8_rect
                0x000000000800addc       0x68 tonc_sbmp8.o
                0x000000000800addc                sbmp8_rect
 .text.bmp16_drawg_b1cts
                0x000000000800ae44       0xa8 bmp16_drawg_b1cs.o
                0x000000000800ae44                bmp16_drawg_b1cts
 .text.bmp8_drawg_b1cts
                0x000000000800aeec       0xf4 bmp8_drawg_b1cs.o
                0x000000000800aeec                bmp8_drawg_b1cts
 .text.bmp8_erase
                0x000000000800afe0       0x28 tte_init_bmp.o
                0x000000000800afe0                bmp8_erase
 .text.bmp16_erase
                0x000000000800b008       0x28 tte_init_bmp.o
                0x000000000800b008                bmp16_erase
 .text.tte_init_bmp
                0x000000000800b030       0xe4 tte_init_bmp.o
                0x000000000800b030                tte_init_bmp
 .text.dummy_drawg
                0x000000000800b114        0x4 tte_main.o
                0x000000000800b114                dummy_drawg
 .text.dummy_erase
                0x000000000800b118        0x4 tte_main.o
                0x000000000800b118                dummy_erase
 .text.tte_init_base
                0x000000000800b11c       0x8c tte_main.o
                0x000000000800b11c                tte_init_base
 .text.utf8_decode_char
                0x000000000800b1a8       0xb4 tte_main.o
                0x000000000800b1a8                utf8_decode_char
 .text.tte_write
                0x000000000800b25c       0xd4 tte_main.o
                0x000000000800b25c                tte_write
 .text.tte_get_text_size
                0x000000000800b330       0xb0 tte_main.o
                0x000000000800b330                tte_get_text_size
 .text.tte_set_margins
                0x000000000800b3e0       0x18 tte_main.o
                0x000000000800b3e0                tte_set_margins
 .text          0x000000000800b3f8       0x8c tonc_bios.o
                0x000000000800b3f8                SoftReset
                0x000000000800b3fc                RegisterRamReset
                0x000000000800b400                Halt
                0x000000000800b404                Stop
                0x000000000800b408                IntrWait
                0x000000000800b40c                VBlankIntrWait
                0x000000000800b410                Div
                0x000000000800b414                DivArm
                0x000000000800b418                Sqrt
                0x000000000800b41c                ArcTan
                0x000000000800b420                ArcTan2
                0x000000000800b424                CpuSet
                0x000000000800b428                CpuFastSet
                0x000000000800b42c                BiosCheckSum
                0x000000000800b430                BgAffineSet
                0x000000000800b434                ObjAffineSet
                0x000000000800b438                BitUnPack
                0x000000000800b43c                LZ77UnCompWram
                0x000000000800b440                LZ77UnCompVram
                0x000000000800b444                HuffUnComp
                0x000000000800b448                RLUnCompWram
                0x000000000800b44c                RLUnCompVram
                0x000000000800b450                Diff8bitUnFilterWram
                0x000000000800b454                Diff8bitUnFilterVram
                0x000000000800b458                Diff16bitUnFilter
                0x000000000800b45c                SoundBias
                0x000000000800b460                SoundDriverInit
                0x000000000800b464                SoundDriverMode
                0x000000000800b468                SoundDriverMain
                0x000000000800b46c                SoundDriverVSync
                0x000000000800b470                SoundChannelClear
                0x000000000800b474                MidiKey2Freq
                0x000000000800b478                MultiBoot
                0x000000000800b47c                SoundDriverVSyncOff
                0x000000000800b480                SoundDriverVSyncOn
 .text          0x000000000800b484       0x44 tonc_memcpy.o
                0x000000000800b484                memcpy16
 .text          0x000000000800b4c8       0x3c tonc_memset.o
                0x000000000800b4c8                memset16
 .text          0x000000000800b504      0x26c posprintf.o
                0x000000000800b508                posprintf
 .text          0x000000000800b770     0x1564 /opt/devkitpro/libgba/lib/libmm.a(mm_mas.o)
                0x000000000800b7e4                mmStart
                0x000000000800b804                mmJingle
                0x000000000800b80a                mmPlayModule
                0x000000000800b8d4                mmPause
                0x000000000800b8f0                mmResume
                0x000000000800b900                mmActive
                0x000000000800b906                mmActiveSub
                0x000000000800b90c                mmSetModuleVolume
                0x000000000800b91c                mmSetJingleVolume
                0x000000000800b958                mmGetPosition
                0x000000000800b95e                mmPosition
                0x000000000800b978                mmSetModuleTempo
                0x000000000800b9aa                mmSetModulePitch
                0x000000000800b9ec                mmStop
                0x000000000800bab2                mppUpdateSub
                0x000000000800bc0e                mpp_Process_VolumeCommand
                0x000000000800be46                mpp_Process_Effect
                0x000000000800c594                ST3_FREQTABLE
                0x000000000800c9b4                IT_PitchTable
 .text          0x000000000800ccd4      0x140 /opt/devkitpro/libgba/lib/libmm.a(mm_main.o)
                0x000000000800ccd4                mpp_call_r7
                0x000000000800ccd6                mpp_call_r1
                0x000000000800ccd8                mpp_call_r2
                0x000000000800ccda                mpp_call_r3
                0x000000000800ccdc                mmSetEventHandler
                0x000000000800cce4                mmInit
                0x000000000800cd38                mmSetVBlankHandler
                0x000000000800cd3e                mmFrame
 .text          0x000000000800ce14      0x314 /opt/devkitpro/libgba/lib/libmm.a(mm_effect.o)
                0x000000000800ce14                mmResetEffects
                0x000000000800ce40                mmEffect
                0x000000000800ce56                mmEffectEx
                0x000000000800cf56                mmEffectActive
                0x000000000800cf8a                mmEffectVolume
                0x000000000800cfa6                mmEffectPanning
                0x000000000800cfba                mmEffectRate
                0x000000000800cfce                mmEffectCancel
                0x000000000800d008                mmEffectRelease
                0x000000000800d02e                mmEffectScaleRate
                0x000000000800d042                mmSetEffectsVolume
                0x000000000800d050                mmEffectCancelAll
                0x000000000800d090                mmUpdateEffects
 .text          0x000000000800d128      0x1e0 /opt/devkitpro/libgba/lib/libmm.a(mm_mixer_gba.o)
                0x000000000800d128                mmMixerSetSource
                0x000000000800d13c                mmMixerSetRead
                0x000000000800d14a                mmMixerSetFreq
                0x000000000800d15a                mmMixerMulFreq
                0x000000000800d16e                mmMixerStopChannel
                0x000000000800d180                mmMixerChannelActive
                0x000000000800d192                mmMixerSetVolume
                0x000000000800d1a0                mmMixerSetPan
                0x000000000800d1ae                mmMixerInit
 .text          0x000000000800d308       0x3c /opt/devkitpro/devkitARM/bin/../lib/gcc/arm-none-eabi/11.2.0/thumb/libgcc.a(_call_via_rX.o)
                0x000000000800d308                _call_via_r0
                0x000000000800d30c                _call_via_r1
                0x000000000800d310                _call_via_r2
                0x000000000800d314                _call_via_r3
                0x000000000800d318                _call_via_r4
                0x000000000800d31c                _call_via_r5
                0x000000000800d320                _call_via_r6
                0x000000000800d324                _call_via_r7
                0x000000000800d328                _call_via_r8
                0x000000000800d32c                _call_via_r9
                0x000000000800d330                _call_via_sl
                0x000000000800d334                _call_via_fp
                0x000000000800d338                _call_via_ip
                0x000000000800d33c                _call_via_sp
                0x000000000800d340                _call_via_lr
 .text.__libc_init_array
                0x000000000800d344       0x50 /opt/devkitpro/devkitARM/bin/../lib/gcc/arm-none-eabi/11.2.0/../../../../arm-none-eabi/lib/thumb/libg.a(lib_a-init.o)
                0x000000000800d344                __libc_init_array
 .text.memcpy   0x000000000800d394       0xa8 /opt/devkitpro/devkitARM/bin/../lib/gcc/arm-none-eabi/11.2.0/../../../../arm-none-eabi/lib/thumb/libg.a(lib_a-memcpy-stub.o)
                0x000000000800d394                memcpy
 .text.memmove  0x000000000800d43c       0xbc /opt/devkitpro/devkitARM/bin/../lib/gcc/arm-none-eabi/11.2.0/../../../../arm-none-eabi/lib/thumb/libg.a(lib_a-memmove.o)
                0x000000000800d43c                memmove
 .text.memset   0x000000000800d4f8       0xb0 /opt/devkitpro/devkitARM/bin/../lib/gcc/arm-none-eabi/11.2.0/../../../../arm-none-eabi/lib/thumb/libg.a(lib_a-memset.o)
                0x000000000800d4f8                memset
 .text.memset.__stub
                0x000000000800d5a8       0x54 linker stubs
 *(.gnu.linkonce.t.*)
 *(.text.*personality*)
 *(.gnu.warning)
 *(.glue_7t)
 .glue_7t       0x000000000800d618        0x0 linker stubs
 *(.glue_7)
 .glue_7        0x000000000800d618        0x0 linker stubs
 *(.vfp11_veneer)
 .vfp11_veneer  0x000000000800d618        0x0 linker stubs
                0x000000000800d618                . = ALIGN (0x4)
                0x000000000800d618                __text_end = .

.v4_bx          0x000000000800d618        0x0
 .v4_bx         0x000000000800d618        0x0 linker stubs

.iplt           0x000000000800d618        0x0
 .iplt          0x000000000800d618        0x0 /opt/devkitpro/devkitARM/bin/../lib/gcc/arm-none-eabi/11.2.0/../../../../arm-none-eabi/lib/thumb/gba_crt0.o

.fini           0x000000000800d618        0xc
 *(.fini)
 .fini          0x000000000800d618        0x4 /opt/devkitpro/devkitARM/bin/../lib/gcc/arm-none-eabi/11.2.0/thumb/crti.o
                0x000000000800d618                _fini
 .fini          0x000000000800d61c        0x8 /opt/devkitpro/devkitARM/bin/../lib/gcc/arm-none-eabi/11.2.0/thumb/crtn.o
                0x000000000800d624                . = ALIGN (0x4)

.rodata         0x000000000800d624     0x3cc4
 *(.rodata)
 .rodata        0x000000000800d624       0x40 bn_audio_manager.o
 .rodata        0x000000000800d664       0x6c bn_best_fit_allocator.o
 .rodata        0x000000000800d6d0       0xfc bn_bg_blocks_manager.o
 .rodata        0x000000000800d7cc      0x10c bn_bgs_manager.o
 .rodata        0x000000000800d8d8       0x2c bn_cameras_manager.o
 .rodata        0x000000000800d904       0x14 bn_generic_pool.o
 .rodata        0x000000000800d918      0x38c bn_hblank_effects_manager.o
 .rodata        0x000000000800dca4       0x2c bn_keypad_manager.o
 .rodata        0x000000000800dcd0       0x64 bn_memory_manager.o
 .rodata        0x000000000800dd34       0x7c bn_palettes_manager.o
 .rodata        0x000000000800ddb0       0x7c bn_sprite_affine_mats_manager.o
 .rodata        0x000000000800de2c       0xc6 bn_sprite_text_generator.o
 *fill*         0x000000000800def2        0x2 ff
 .rodata        0x000000000800def4       0xb4 bn_sprite_tiles_manager.o
 .rodata        0x000000000800dfa8      0x178 bn_sprites_manager.o
 .rodata        0x000000000800e120       0x3c bn_sstream.o
 .rodata        0x000000000800e15c       0x28 bn_hw_audio.o
 .rodata        0x000000000800e184       0x1c bn_hw_common.bn_noflto.o
 .rodata        0x000000000800e1a0       0x14 bn_hw_link.o
 .rodata        0x000000000800e1b4       0x28 bn_hw_show.o
 .rodata        0x000000000800e1dc      0x318 sys8.o
                0x000000000800e1dc                sys8Font
                0x000000000800e1f4                sys8Glyphs
 .rodata        0x000000000800e4f4      0xef8 verdana9.o
                0x000000000800e4f4                verdana9Font
                0x000000000800e50c                verdana9Glyphs
                0x000000000800f30c                verdana9Widths
 *all.rodata*(*)
 *(.roda)
 *(.rodata.*)
 .rodata._bn_audio_soundbank_bin
                0x000000000800f3ec        0xc _bn_audio_soundbank.bin.o
                0x000000000800f3ec                _bn_audio_soundbank_bin
                0x000000000800f3f8                _bn_audio_soundbank_bin_end
 .rodata._ZN2bn13audio_manager6updateEv.str1.4
                0x000000000800f3f8       0x17 bn_audio_manager.o
                                         0x1b (size before relaxing)
 *fill*         0x000000000800f40f        0x1 ff
 .rodata._ZN2bn13audio_manager6updateEv
                0x000000000800f410       0x24 bn_audio_manager.o
 .rodata._ZN2bn13audio_manager14music_positionEv.str1.4
                0x000000000800f434       0x3d bn_audio_manager.o
 *fill*         0x000000000800f471        0x3 ff
 .rodata._ZN2bn13audio_manager11pause_musicEv.str1.4
                0x000000000800f474       0x71 bn_audio_manager.o
 *fill*         0x000000000800f4e5        0x3 ff
 .rodata._ZN2bn13audio_manager15stop_all_soundsEv.str1.4
                0x000000000800f4e8       0x10 bn_audio_manager.o
 .rodata._ZN2bn13audio_manager10stop_musicEv.str1.4
                0x000000000800f4f8        0xb bn_audio_manager.o
 *fill*         0x000000000800f503        0x1 ff
 .rodata._ZN2bn19ibest_fit_allocatorD2Ev.str1.4
                0x000000000800f504       0x32 bn_best_fit_allocator.o
 *fill*         0x000000000800f536        0x2 ff
 .rodata._ZN2bn19ibest_fit_allocator5_initEPvi.str1.4
                0x000000000800f538       0xa7 bn_best_fit_allocator.o
 *fill*         0x000000000800f5df        0x1 ff
 .rodata._ZN2bn2hw9bg_blocks6commitEPKtNS_16compression_typeEiPt.part.0.str1.4
                0x000000000800f5e0       0x23 bn_bg_blocks_manager.o
                                         0x27 (size before relaxing)
 *fill*         0x000000000800f603        0x1 ff
 .rodata._ZNK2bn19regular_bg_map_item10decompressERtRKNS_4sizeE.str1.4
                0x000000000800f604       0xbe bn_bg_blocks_manager.o
 *fill*         0x000000000800f6c2        0x2 ff
 .rodata._ZN2bn17bg_blocks_manager16affine_map_tilesEi.str1.4
                0x000000000800f6c4       0x2a bn_bg_blocks_manager.o
 *fill*         0x000000000800f6ee        0x2 ff
 .rodata._ZN2bn17bg_blocks_manager14palette_offsetEi.str1.4
                0x000000000800f6f0        0xb bn_bg_blocks_manager.o
 *fill*         0x000000000800f6fb        0x1 ff
 .rodata._ZN2bn17bg_blocks_manager12_GLOBAL__N_110items_list12insert_afterEiRKNS1_9item_typeE.constprop.0.str1.4
                0x000000000800f6fc       0x10 bn_bg_blocks_manager.o
                                         0x20 (size before relaxing)
 .rodata._ZN2bn17bg_blocks_manager4initEv.str1.4
                0x000000000800f70c       0x74 bn_bg_blocks_manager.o
 .rodata._ZN2bn14iunordered_mapIPKviNS_4hashIS2_EENS_8equal_toIS2_EEE5eraseERKNS7_14const_iteratorE.isra.0.str1.4
                0x000000000800f780       0x76 bn_bg_blocks_manager.o
 .rodata._ZN2bn17bg_blocks_manager6updateEv.str1.4
                0x000000000800f7f6       0x27 bn_bg_blocks_manager.o
 *fill*         0x000000000800f7f6        0x2 ff
 .rodata._ZN2bn11bgs_manager12_GLOBAL__N_19item_type18update_affine_hw_yEv.part.0.str1.4
                0x000000000800f7f8       0xc8 bn_bgs_manager.o
                                         0xcc (size before relaxing)
 .rodata._ZN2bn11bgs_manager12_GLOBAL__N_19item_type18update_affine_hw_xEv.part.0.str1.4
                0x000000000800f8c0       0xc6 bn_bgs_manager.o
 *fill*         0x000000000800f986        0x2 ff
 .rodata._ZN2bn11bgs_manager13set_regular_xEPvNS_7fixed_tILi12EEE.str1.4
                0x000000000800f988       0x90 bn_bgs_manager.o
 .rodata._ZN2bn11bgs_manager13set_regular_yEPvNS_7fixed_tILi12EEE.str1.4
                0x000000000800fa18       0x92 bn_bgs_manager.o
 .rodata._ZN2bn11bgs_manager15commit_big_mapsEv.str1.4
                0x000000000800faaa       0x2a bn_bgs_manager.o
 .rodata._ZN2bn11bgs_manager12_GLOBAL__N_19item_type18update_regular_mapEv.str1.4
                0x000000000800faaa        0xa bn_bgs_manager.o
 *fill*         0x000000000800faaa        0x2 ff
 .rodata._ZN2bn11bgs_manager37fill_hblank_effect_regular_attributesEPvPKNS_21regular_bg_attributesEPt.str1.4
                0x000000000800faac       0x74 bn_bgs_manager.o
 .rodata._ZN2bn11bgs_manager36fill_hblank_effect_affine_attributesEPvPKNS_20affine_bg_attributesEPt.str1.4
                0x000000000800fb20       0x25 bn_bgs_manager.o
 *fill*         0x000000000800fb45        0x3 ff
 .rodata._ZN2bn11bgs_manager15rebuild_handlesEv.part.0.str1.4
                0x000000000800fb48       0x8b bn_bgs_manager.o
 .rodata._ZN2bn15cameras_manager4initEv.str1.4
                0x000000000800fbd3       0x27 bn_cameras_manager.o
 *fill*         0x000000000800fbd3        0x1 ff
 .rodata._GLOBAL__sub_I__ZN2bn4core4initEv.str1.4
                0x000000000800fbd4        0x6 bn_core.o
 *fill*         0x000000000800fbda        0x2 ff
 .rodata._ZN2bn18igeneric_pool_baseD2Ev.str1.4
                0x000000000800fbdc       0x14 bn_generic_pool.o
                                         0x2e (size before relaxing)
 .rodata._ZN2bn18igeneric_pool_base9_allocateEv.str1.4
                0x000000000800fbf0       0x2d bn_generic_pool.o
 *fill*         0x000000000800fc1d        0x3 ff
 .rodata._ZN2bn43sprite_affine_second_attributes_hbe_handler14target_updatedEiRNS_4ianyE.part.0.str1.4
                0x000000000800fc20       0x68 bn_hblank_effects_manager.o
 .rodata._ZN2bn22hblank_effects_manager12_GLOBAL__N_110_is_uint32ENS0_12handler_typeE.part.0.str1.4
                0x000000000800fc88       0x1e bn_hblank_effects_manager.o
                                         0x22 (size before relaxing)
 .rodata._ZN2bn8optionalINS_29affine_bg_pa_register_hbe_ptrEEdeEv.part.0.str1.4
                0x000000000800fca6       0x2a bn_hblank_effects_manager.o
 *fill*         0x000000000800fca6        0x2 ff
 .rodata._ZN2bn22hblank_effects_manager12_GLOBAL__N_19item_type18_check_update_implINS_33regular_bg_attributes_hbe_handlerEEEbb.str1.4
                0x000000000800fca8       0x37 bn_hblank_effects_manager.o
 *fill*         0x000000000800fcdf        0x1 ff
 .rodata._ZN2bn22hblank_effects_manager12_GLOBAL__N_19item_type12check_updateEv.str1.4
                0x000000000800fce0      0x151 bn_hblank_effects_manager.o
 *fill*         0x000000000800fe31        0x3 ff
 .rodata._ZN2bn22hblank_effects_manager12_GLOBAL__N_19item_type12check_updateEv
                0x000000000800fe34       0xa4 bn_hblank_effects_manager.o
 .rodata._ZN2bn22hblank_effects_manager6updateEv.str1.4
                0x000000000800fed8       0x5d bn_hblank_effects_manager.o
 .rodata._ZN2bn22hblank_effects_manager4initEv.str1.4
                0x000000000800ff35       0x27 bn_hblank_effects_manager.o
 *fill*         0x000000000800ff35        0x3 ff
 .rodata.CSWTCH.1196
                0x000000000800ff38       0x29 bn_hblank_effects_manager.o
 *fill*         0x000000000800ff61        0x3 ff
 .rodata._ZN2bn14keypad_manager6updateEv.str1.4
                0x000000000800ff64       0x37 bn_keypad_manager.o
                                         0x47 (size before relaxing)
 *fill*         0x000000000800ff9b        0x1 ff
 .rodata._ZN2bn14keypad_manager4initERKNS_11string_viewE.str1.4
                0x000000000800ff9c       0x3c bn_keypad_manager.o
 .rodata._ZN2bn18best_fit_allocatorILi16EED2Ev.str1.4
                0x000000000800ffd8       0x39 bn_memory_manager.o
 *fill*         0x0000000008010011        0x3 ff
 .rodata._ZN2bn13palettes_bank12create_bpp_4ERKNS_4spanIKNS_5colorEEEtb.str1.4
                0x0000000008010014       0x73 bn_palettes_manager.o
                                         0xb3 (size before relaxing)
 .rodata._ZN2bn14iunordered_mapItsNS_13palettes_bank15identity_hasherENS_8equal_toItEEE5eraseERKNS5_14const_iteratorE.isra.0.str1.4
                0x0000000008010087       0x35 bn_palettes_manager.o
 *fill*         0x0000000008010087        0x1 ff
 .rodata._ZN2bn26sprite_affine_mats_manager12_GLOBAL__N_115_new_item_indexEv.str1.4
                0x0000000008010088       0x45 bn_sprite_affine_mats_manager.o
                                         0x65 (size before relaxing)
 .rodata._ZN2bn26sprite_affine_mats_manager15decrease_usagesEi.part.0.str1.4
                0x00000000080100cd       0x27 bn_sprite_affine_mats_manager.o
 *fill*         0x00000000080100cd        0x3 ff
 .rodata._ZN2bn26sprite_affine_mats_manager14dettach_spriteEiRNS_24intrusive_list_node_typeE.str1.4
                0x00000000080100d0       0x1a bn_sprite_affine_mats_manager.o
 *fill*         0x00000000080100ea        0x2 ff
 .rodata._ZNK2bn17sprite_shape_size5widthEv.str1.4
                0x00000000080100ec       0x28 bn_sprite_text_generator.o
                                         0x2c (size before relaxing)
 .rodata._ZNK2bn17sprite_shape_size6heightEv.str1.4
                0x0000000008010114        0x7 bn_sprite_text_generator.o
 *fill*         0x000000000801011b        0x1 ff
 .rodata.CSWTCH.914
                0x000000000801011c       0x10 bn_sprite_text_generator.o
 .rodata.CSWTCH.915
                0x000000000801012c       0x10 bn_sprite_text_generator.o
 .rodata.CSWTCH.916
                0x000000000801013c       0x10 bn_sprite_text_generator.o
 .rodata._ZN2bn20sprite_tiles_manager12_GLOBAL__N_116_erase_free_itemEi.str1.4
                0x000000000801014c       0x59 bn_sprite_tiles_manager.o
 .rodata._ZN2bn20sprite_tiles_manager15decrease_usagesEi.part.0.str1.4
                0x000000000801014c       0x31 bn_sprite_tiles_manager.o
                                         0x4f (size before relaxing)
 *fill*         0x000000000801017d        0x3 ff
 .rodata._ZN2bn20sprite_tiles_manager16reload_tiles_refEi.str1.4
                0x0000000008010180       0x31 bn_sprite_tiles_manager.o
                                         0x3e (size before relaxing)
 .rodata._ZN2bn14iunordered_mapIPKNS_4tileEiNS_4hashIS3_EENS_8equal_toIS3_EEE5eraseERKNS8_14const_iteratorE.isra.0.str1.4
                0x00000000080101b1       0x6e bn_sprite_tiles_manager.o
 *fill*         0x00000000080101b1        0x3 ff
 .rodata._ZNK2bn17sprite_tiles_item16create_new_tilesEv.str1.4
                0x00000000080101b4       0xcf bn_sprite_tiles_manager.o
                                         0xd3 (size before relaxing)
 .rodata._ZN2bn20sprite_tiles_manager4initEv.str1.4
                0x0000000008010283       0x3c bn_sprite_tiles_manager.o
 .rodata._ZNK2bn17sprite_shape_size6heightEv.str1.4
                0x0000000008010283       0x2c bn_sprites_manager.o
 .rodata._ZNK2bn17sprite_shape_size5widthEv.str1.4
                0x0000000008010283        0x6 bn_sprites_manager.o
 .rodata._ZN2bn15sprites_manager12_GLOBAL__N_118_remove_affine_matERNS_20sprites_manager_itemE.str1.4
                0x0000000008010283       0x2a bn_sprites_manager.o
 *fill*         0x0000000008010283        0x1 ff
 .rodata._ZN2bn14sprite_builderC2ERKNS_17sprite_shape_sizeENS_16sprite_tiles_ptrENS_18sprite_palette_ptrE.str1.4
                0x0000000008010284       0x6a bn_sprites_manager.o
                                         0x6e (size before relaxing)
 *fill*         0x00000000080102ee        0x2 ff
 .rodata._ZN2bn15sprites_manager6updateEv.str1.4
                0x00000000080102f0       0x4b bn_sprites_manager.o
 *fill*         0x000000000801033b        0x1 ff
 .rodata._ZN2bn15sprites_manager35fill_hblank_effect_third_attributesENS_17sprite_shape_sizeEPKNS_23sprite_third_attributesEPt.str1.4
                0x000000000801033c       0x93 bn_sprites_manager.o
 *fill*         0x00000000080103cf        0x1 ff
 .rodata.CSWTCH.769
                0x00000000080103d0       0x10 bn_sprites_manager.o
 .rodata.CSWTCH.770
                0x00000000080103e0       0x10 bn_sprites_manager.o
 .rodata.CSWTCH.771
                0x00000000080103f0       0x10 bn_sprites_manager.o
 .rodata._ZN3_bn6assert9show_argsIJA19_ciA4_ciEEEvPKcS5_S5_iDpRKT_.str1.4
                0x0000000008010400       0x72 bn_sstream.o
                                         0x76 (size before relaxing)
 *fill*         0x0000000008010472        0x2 ff
 .rodata._ZN2bn2hw5audio12_GLOBAL__N_119_add_sound_to_queueEit.str1.4
                0x0000000008010474        0xd bn_hw_audio.o
                                         0x29 (size before relaxing)
 .rodata._ZN2bn2hw5audio15stop_all_soundsEv.str1.4
                0x0000000008010481       0x39 bn_hw_audio.o
 *fill*         0x0000000008010481        0x3 ff
 .rodata._ZN2bn2hw5audio12_GLOBAL__N_119_check_sounds_queueEv.part.0.str1.4
                0x0000000008010484        0xa bn_hw_audio.o
                                         0x2e (size before relaxing)
 *fill*         0x000000000801048e        0x2 ff
 .rodata._ZN2bn2hw5audio6updateEv.str1.4
                0x0000000008010490        0xc bn_hw_audio.o
 .rodata.__cxa_pure_virtual.str1.4
                0x000000000801049c       0x2f bn_hw_common.bn_noflto.o
                                         0x33 (size before relaxing)
 *fill*         0x00000000080104cb        0x1 ff
 .rodata.__aeabi_idiv0.str1.4
                0x00000000080104cc       0x38 bn_hw_common.bn_noflto.o
 .rodata._ZN2bn2hw8game_pak12_GLOBAL__N_1L8rom_dataE
                0x0000000008010504        0xc bn_hw_game_pak.bn_ewram.o
 .rodata._ZN14LinkConnection9_onSerialEv.str1.4
                0x0000000008010510       0x1e bn_hw_link.o
                                         0x4a (size before relaxing)
 *fill*         0x000000000801052e        0x2 ff
 .rodata._ZN2bn2hw8palettes12_GLOBAL__N_1L12contrast_lutE
                0x0000000008010530      0x420 bn_hw_palettes.o
 .rodata._ZN2bn2hw8palettes12_GLOBAL__N_1L13hue_shift_lutE
                0x0000000008010950      0x4a4 bn_hw_palettes.o
 .rodata._ZN2bn2hw8palettes12_GLOBAL__N_1L13intensity_lutE
                0x0000000008010df4      0x420 bn_hw_palettes.o
 .rodata._ZN2bn2hw4show5errorERKNS_11system_fontERKNS_11string_viewES7_S7_iS7_S7_.str1.4
                0x0000000008011214       0x54 bn_hw_show.o
                                         0xcc (size before relaxing)
 .rodata._ZN2bn2hw4text5parseEiRNS_5arrayIcLi32EEE.str1.4
                0x0000000008011268        0x7 bn_hw_text.o
 *fill*         0x000000000801126f        0x1 ff
 .rodata.oam_sizes
                0x0000000008011270       0x18 tonc_core.o
                0x0000000008011270                oam_sizes
 .rodata.__irq_senders
                0x0000000008011288       0x38 tonc_irq.o
 .rodata.m3_surface
                0x00000000080112c0       0x14 tonc_sbmp16.o
                0x00000000080112c0                m3_surface
 .rodata.srf.0  0x00000000080112d4       0x14 tte_main.o
 *(.gnu.linkonce.r*)
                0x00000000080112e8                . = ALIGN (0x4)

.ARM.extab
 *(.ARM.extab* .gnu.linkonce.armextab.*)
                0x00000000080112e8                __exidx_start = .

.ARM.exidx
 *(.ARM.exidx* .gnu.linkonce.armexidx.*)
                0x00000000080112e8                __exidx_end = .

.ctors          0x00000000080112e8        0x0
 *crtbegin.o(.ctors)
 *(EXCLUDE_FILE(*crtend.o) .ctors)
 *(SORT_BY_NAME(.ctors.*))
 *(.ctors)
                0x00000000080112e8                . = ALIGN (0x4)

.dtors          0x00000000080112e8        0x0
 *crtbegin.o(.dtors)
 *(EXCLUDE_FILE(*crtend.o) .dtors)
 *(SORT_BY_NAME(.dtors.*))
 *(.dtors)
                0x00000000080112e8                . = ALIGN (0x4)

.eh_frame       0x00000000080112e8        0x4
 *(.eh_frame)
 .eh_frame      0x00000000080112e8        0x0 /opt/devkitpro/devkitARM/bin/../lib/gcc/arm-none-eabi/11.2.0/thumb/crtbegin.o
 .eh_frame      0x00000000080112e8        0x4 /opt/devkitpro/devkitARM/bin/../lib/gcc/arm-none-eabi/11.2.0/thumb/crtend.o
                0x00000000080112ec                . = ALIGN (0x4)

.gcc_except_table
                0x00000000080112ec        0x0
 *(.gcc_except_table)
                0x00000000080112ec                . = ALIGN (0x4)
                0x00000000080112ec                __iwram_lma = .

.iwram          0x0000000003000000     0x1f20 load address 0x00000000080112ec
                0x0000000003000000                __iwram_start__ = ABSOLUTE (.)
 *(.iwram .iwram*)
 .iwram         0x0000000003000000      0x314 bn_sprites_manager.bn_iwram.o
                0x0000000003000000                bn::sprites_manager::_check_items_on_screen_impl(void*, bn::intrusive_list<bn::sorted_sprites::layer>&, bool, int&, int&)
                0x0000000003000178                bn::sprites_manager::_rebuild_handles_impl(int, void*, bn::intrusive_list<bn::sorted_sprites::layer>&)
                0x000000000300020c                bn::sprites_manager::_update_cameras_impl(bn::intrusive_list<bn::sorted_sprites::layer>&)
 .iwram         0x0000000003000314       0x70 bn_hw_bg_blocks.bn_iwram.o
                0x0000000003000314                bn::hw::bg_blocks::_commit_offset_half_words(unsigned short const*, unsigned int, unsigned short, unsigned short*)
                0x0000000003000340                bn::hw::bg_blocks::_commit_offset_words(unsigned int const*, unsigned int, unsigned int, unsigned int*)
 .iwram         0x0000000003000384       0xd0 bn_hw_hblank_effects.o
                0x0000000003000384                bn::hw::hblank_effects::_intr()
                0x0000000003000450                bn::hw::hblank_effects::data
 .iwram         0x0000000003000454       0x70 clr_blend_fast.o
                0x0000000003000454                clr_blend_fast
 .iwram         0x00000000030004c4       0x70 clr_fade_fast.o
                0x00000000030004c4                clr_fade_fast
 .iwram         0x0000000003000534       0xa4 tonc_isr_master.o
                0x0000000003000534                isr_master
 .iwram         0x00000000030005d8       0x38 tonc_memcpy.o
                0x00000000030005d8                memcpy32
 .iwram         0x0000000003000610       0x4c tonc_memset.o
                0x0000000003000610                memset32
 .iwram         0x000000000300065c       0x3c sdiv32.o